// Validating benchmarks:
// ***** BenchmarkRunner: Start   *****
// ***** Found 20 benchmark(s) in total *****
// ***** Building 5 exe(s) in Parallel: Start   *****
// ***** Done, took 00:00:38 (38.32 sec)   *****
// ***** Failed to build in Parallel, switching to sequential build   *****
// ***** Done, took 00:00:31 (31.68 sec)   *****
// Found 20 benchmarks:
//   ManagedQueryBenchmarks.ManagedQueryAllFields: 3.0.1(Runtime=.NET 8.0, Arguments=/p:LocalBuild=false, NuGetReferences=Examine 3.0.1, IterationCount=3, LaunchCount=1, WarmupCount=3)
//   ManagedQueryBenchmarks.ManagedQuerySingleField: 3.0.1(Runtime=.NET 8.0, Arguments=/p:LocalBuild=false, NuGetReferences=Examine 3.0.1, IterationCount=3, LaunchCount=1, WarmupCount=3)
//   ManagedQueryBenchmarks.ManagedQueryTwoFields: 3.0.1(Runtime=.NET 8.0, Arguments=/p:LocalBuild=false, NuGetReferences=Examine 3.0.1, IterationCount=3, LaunchCount=1, WarmupCount=3)
//   ManagedQueryBenchmarks.ManagedQueryThreeFields: 3.0.1(Runtime=.NET 8.0, Arguments=/p:LocalBuild=false, NuGetReferences=Examine 3.0.1, IterationCount=3, LaunchCount=1, WarmupCount=3)
//   ManagedQueryBenchmarks.ManagedQueryAllFields: 3.1.0(Runtime=.NET 8.0, Arguments=/p:LocalBuild=false, NuGetReferences=Examine 3.1.0, IterationCount=3, LaunchCount=1, WarmupCount=3)
//   ManagedQueryBenchmarks.ManagedQuerySingleField: 3.1.0(Runtime=.NET 8.0, Arguments=/p:LocalBuild=false, NuGetReferences=Examine 3.1.0, IterationCount=3, LaunchCount=1, WarmupCount=3)
//   ManagedQueryBenchmarks.ManagedQueryTwoFields: 3.1.0(Runtime=.NET 8.0, Arguments=/p:LocalBuild=false, NuGetReferences=Examine 3.1.0, IterationCount=3, LaunchCount=1, WarmupCount=3)
//   ManagedQueryBenchmarks.ManagedQueryThreeFields: 3.1.0(Runtime=.NET 8.0, Arguments=/p:LocalBuild=false, NuGetReferences=Examine 3.1.0, IterationCount=3, LaunchCount=1, WarmupCount=3)
//   ManagedQueryBenchmarks.ManagedQueryAllFields: 3.2.1(Runtime=.NET 8.0, Arguments=/p:LocalBuild=false, NuGetReferences=Examine 3.2.1, IterationCount=3, LaunchCount=1, WarmupCount=3)
//   ManagedQueryBenchmarks.ManagedQuerySingleField: 3.2.1(Runtime=.NET 8.0, Arguments=/p:LocalBuild=false, NuGetReferences=Examine 3.2.1, IterationCount=3, LaunchCount=1, WarmupCount=3)
//   ManagedQueryBenchmarks.ManagedQueryTwoFields: 3.2.1(Runtime=.NET 8.0, Arguments=/p:LocalBuild=false, NuGetReferences=Examine 3.2.1, IterationCount=3, LaunchCount=1, WarmupCount=3)
//   ManagedQueryBenchmarks.ManagedQueryThreeFields: 3.2.1(Runtime=.NET 8.0, Arguments=/p:LocalBuild=false, NuGetReferences=Examine 3.2.1, IterationCount=3, LaunchCount=1, WarmupCount=3)
//   ManagedQueryBenchmarks.ManagedQueryAllFields: 3.3.0(Runtime=.NET 8.0, Arguments=/p:LocalBuild=false, NuGetReferences=Examine 3.3.0, IterationCount=3, LaunchCount=1, WarmupCount=3)
//   ManagedQueryBenchmarks.ManagedQuerySingleField: 3.3.0(Runtime=.NET 8.0, Arguments=/p:LocalBuild=false, NuGetReferences=Examine 3.3.0, IterationCount=3, LaunchCount=1, WarmupCount=3)
//   ManagedQueryBenchmarks.ManagedQueryTwoFields: 3.3.0(Runtime=.NET 8.0, Arguments=/p:LocalBuild=false, NuGetReferences=Examine 3.3.0, IterationCount=3, LaunchCount=1, WarmupCount=3)
//   ManagedQueryBenchmarks.ManagedQueryThreeFields: 3.3.0(Runtime=.NET 8.0, Arguments=/p:LocalBuild=false, NuGetReferences=Examine 3.3.0, IterationCount=3, LaunchCount=1, WarmupCount=3)
//   ManagedQueryBenchmarks.ManagedQueryAllFields: Source(Runtime=.NET 8.0, IterationCount=3, LaunchCount=1, WarmupCount=3)
//   ManagedQueryBenchmarks.ManagedQuerySingleField: Source(Runtime=.NET 8.0, IterationCount=3, LaunchCount=1, WarmupCount=3)
//   ManagedQueryBenchmarks.ManagedQueryTwoFields: Source(Runtime=.NET 8.0, IterationCount=3, LaunchCount=1, WarmupCount=3)
//   ManagedQueryBenchmarks.ManagedQueryThreeFields: Source(Runtime=.NET 8.0, IterationCount=3, LaunchCount=1, WarmupCount=3)

// Build Error: Standard output: 
  
 Standard error: 
 /home/runner/work/Examine/Examine/src/Examine.Benchmarks/ExamineBaseTest.cs(38,44): error CS1729: 'GenericDirectoryFactory' does not contain a constructor that takes 2 arguments [/home/runner/work/Examine/Examine/src/Examine.Benchmarks/Examine.Benchmarks.csproj::TargetFramework=net8.0]
Build FAILED.
/home/runner/work/Examine/Examine/src/Examine.Benchmarks/ExamineBaseTest.cs(38,44): error CS1729: 'GenericDirectoryFactory' does not contain a constructor that takes 2 arguments [/home/runner/work/Examine/Examine/src/Examine.Benchmarks/Examine.Benchmarks.csproj::TargetFramework=net8.0]
    0 Warning(s)
    1 Error(s)
Time Elapsed 00:00:02.91

// BenchmarkDotNet has failed to build the auto-generated boilerplate code.
// It can be found in /home/runner/work/Examine/Examine/src/Examine.Benchmarks/bin/Release/net8.0/348788f0-fd74-4ff1-a21e-3a218616296a
// Please follow the troubleshooting guide: https://benchmarkdotnet.org/articles/guides/troubleshooting.html

// ** Remained 19 (95.0 %) benchmark(s) to run. Estimated finish 2026-06-30 17:42 (0h 0m from now) **
// Build Error: Standard output: 
  
 Standard error: 
 /home/runner/work/Examine/Examine/src/Examine.Benchmarks/ExamineBaseTest.cs(38,44): error CS1729: 'GenericDirectoryFactory' does not contain a constructor that takes 2 arguments [/home/runner/work/Examine/Examine/src/Examine.Benchmarks/Examine.Benchmarks.csproj::TargetFramework=net8.0]
Build FAILED.
/home/runner/work/Examine/Examine/src/Examine.Benchmarks/ExamineBaseTest.cs(38,44): error CS1729: 'GenericDirectoryFactory' does not contain a constructor that takes 2 arguments [/home/runner/work/Examine/Examine/src/Examine.Benchmarks/Examine.Benchmarks.csproj::TargetFramework=net8.0]
    0 Warning(s)
    1 Error(s)
Time Elapsed 00:00:02.91

// BenchmarkDotNet has failed to build the auto-generated boilerplate code.
// It can be found in /home/runner/work/Examine/Examine/src/Examine.Benchmarks/bin/Release/net8.0/348788f0-fd74-4ff1-a21e-3a218616296a
// Please follow the troubleshooting guide: https://benchmarkdotnet.org/articles/guides/troubleshooting.html

// ** Remained 18 (90.0 %) benchmark(s) to run. Estimated finish 2026-06-30 17:42 (0h 0m from now) **
// Build Error: Standard output: 
  
 Standard error: 
 /home/runner/work/Examine/Examine/src/Examine.Benchmarks/ExamineBaseTest.cs(38,44): error CS1729: 'GenericDirectoryFactory' does not contain a constructor that takes 2 arguments [/home/runner/work/Examine/Examine/src/Examine.Benchmarks/Examine.Benchmarks.csproj::TargetFramework=net8.0]
Build FAILED.
/home/runner/work/Examine/Examine/src/Examine.Benchmarks/ExamineBaseTest.cs(38,44): error CS1729: 'GenericDirectoryFactory' does not contain a constructor that takes 2 arguments [/home/runner/work/Examine/Examine/src/Examine.Benchmarks/Examine.Benchmarks.csproj::TargetFramework=net8.0]
    0 Warning(s)
    1 Error(s)
Time Elapsed 00:00:02.91

// BenchmarkDotNet has failed to build the auto-generated boilerplate code.
// It can be found in /home/runner/work/Examine/Examine/src/Examine.Benchmarks/bin/Release/net8.0/348788f0-fd74-4ff1-a21e-3a218616296a
// Please follow the troubleshooting guide: https://benchmarkdotnet.org/articles/guides/troubleshooting.html

// ** Remained 17 (85.0 %) benchmark(s) to run. Estimated finish 2026-06-30 17:42 (0h 0m from now) **
// Build Error: Standard output: 
  
 Standard error: 
 /home/runner/work/Examine/Examine/src/Examine.Benchmarks/ExamineBaseTest.cs(38,44): error CS1729: 'GenericDirectoryFactory' does not contain a constructor that takes 2 arguments [/home/runner/work/Examine/Examine/src/Examine.Benchmarks/Examine.Benchmarks.csproj::TargetFramework=net8.0]
Build FAILED.
/home/runner/work/Examine/Examine/src/Examine.Benchmarks/ExamineBaseTest.cs(38,44): error CS1729: 'GenericDirectoryFactory' does not contain a constructor that takes 2 arguments [/home/runner/work/Examine/Examine/src/Examine.Benchmarks/Examine.Benchmarks.csproj::TargetFramework=net8.0]
    0 Warning(s)
    1 Error(s)
Time Elapsed 00:00:02.91

// BenchmarkDotNet has failed to build the auto-generated boilerplate code.
// It can be found in /home/runner/work/Examine/Examine/src/Examine.Benchmarks/bin/Release/net8.0/348788f0-fd74-4ff1-a21e-3a218616296a
// Please follow the troubleshooting guide: https://benchmarkdotnet.org/articles/guides/troubleshooting.html

// ** Remained 16 (80.0 %) benchmark(s) to run. Estimated finish 2026-06-30 17:42 (0h 0m from now) **
// Build Error: Standard output: 
  
 Standard error: 
 /home/runner/work/Examine/Examine/src/Examine.Benchmarks/ExamineBaseTest.cs(38,44): error CS1729: 'GenericDirectoryFactory' does not contain a constructor that takes 2 arguments [/home/runner/work/Examine/Examine/src/Examine.Benchmarks/Examine.Benchmarks.csproj::TargetFramework=net8.0]
Build FAILED.
/home/runner/work/Examine/Examine/src/Examine.Benchmarks/ExamineBaseTest.cs(38,44): error CS1729: 'GenericDirectoryFactory' does not contain a constructor that takes 2 arguments [/home/runner/work/Examine/Examine/src/Examine.Benchmarks/Examine.Benchmarks.csproj::TargetFramework=net8.0]
    0 Warning(s)
    1 Error(s)
Time Elapsed 00:00:02.85

// BenchmarkDotNet has failed to build the auto-generated boilerplate code.
// It can be found in /home/runner/work/Examine/Examine/src/Examine.Benchmarks/bin/Release/net8.0/b658a751-714b-479d-b5d2-b760ac6836c3
// Please follow the troubleshooting guide: https://benchmarkdotnet.org/articles/guides/troubleshooting.html

// ** Remained 15 (75.0 %) benchmark(s) to run. Estimated finish 2026-06-30 17:42 (0h 0m from now) **
// Build Error: Standard output: 
  
 Standard error: 
 /home/runner/work/Examine/Examine/src/Examine.Benchmarks/ExamineBaseTest.cs(38,44): error CS1729: 'GenericDirectoryFactory' does not contain a constructor that takes 2 arguments [/home/runner/work/Examine/Examine/src/Examine.Benchmarks/Examine.Benchmarks.csproj::TargetFramework=net8.0]
Build FAILED.
/home/runner/work/Examine/Examine/src/Examine.Benchmarks/ExamineBaseTest.cs(38,44): error CS1729: 'GenericDirectoryFactory' does not contain a constructor that takes 2 arguments [/home/runner/work/Examine/Examine/src/Examine.Benchmarks/Examine.Benchmarks.csproj::TargetFramework=net8.0]
    0 Warning(s)
    1 Error(s)
Time Elapsed 00:00:02.85

// BenchmarkDotNet has failed to build the auto-generated boilerplate code.
// It can be found in /home/runner/work/Examine/Examine/src/Examine.Benchmarks/bin/Release/net8.0/b658a751-714b-479d-b5d2-b760ac6836c3
// Please follow the troubleshooting guide: https://benchmarkdotnet.org/articles/guides/troubleshooting.html

// ** Remained 14 (70.0 %) benchmark(s) to run. Estimated finish 2026-06-30 17:42 (0h 0m from now) **
// Build Error: Standard output: 
  
 Standard error: 
 /home/runner/work/Examine/Examine/src/Examine.Benchmarks/ExamineBaseTest.cs(38,44): error CS1729: 'GenericDirectoryFactory' does not contain a constructor that takes 2 arguments [/home/runner/work/Examine/Examine/src/Examine.Benchmarks/Examine.Benchmarks.csproj::TargetFramework=net8.0]
Build FAILED.
/home/runner/work/Examine/Examine/src/Examine.Benchmarks/ExamineBaseTest.cs(38,44): error CS1729: 'GenericDirectoryFactory' does not contain a constructor that takes 2 arguments [/home/runner/work/Examine/Examine/src/Examine.Benchmarks/Examine.Benchmarks.csproj::TargetFramework=net8.0]
    0 Warning(s)
    1 Error(s)
Time Elapsed 00:00:02.85

// BenchmarkDotNet has failed to build the auto-generated boilerplate code.
// It can be found in /home/runner/work/Examine/Examine/src/Examine.Benchmarks/bin/Release/net8.0/b658a751-714b-479d-b5d2-b760ac6836c3
// Please follow the troubleshooting guide: https://benchmarkdotnet.org/articles/guides/troubleshooting.html

// ** Remained 13 (65.0 %) benchmark(s) to run. Estimated finish 2026-06-30 17:42 (0h 0m from now) **
// Build Error: Standard output: 
  
 Standard error: 
 /home/runner/work/Examine/Examine/src/Examine.Benchmarks/ExamineBaseTest.cs(38,44): error CS1729: 'GenericDirectoryFactory' does not contain a constructor that takes 2 arguments [/home/runner/work/Examine/Examine/src/Examine.Benchmarks/Examine.Benchmarks.csproj::TargetFramework=net8.0]
Build FAILED.
/home/runner/work/Examine/Examine/src/Examine.Benchmarks/ExamineBaseTest.cs(38,44): error CS1729: 'GenericDirectoryFactory' does not contain a constructor that takes 2 arguments [/home/runner/work/Examine/Examine/src/Examine.Benchmarks/Examine.Benchmarks.csproj::TargetFramework=net8.0]
    0 Warning(s)
    1 Error(s)
Time Elapsed 00:00:02.85

// BenchmarkDotNet has failed to build the auto-generated boilerplate code.
// It can be found in /home/runner/work/Examine/Examine/src/Examine.Benchmarks/bin/Release/net8.0/b658a751-714b-479d-b5d2-b760ac6836c3
// Please follow the troubleshooting guide: https://benchmarkdotnet.org/articles/guides/troubleshooting.html

// ** Remained 12 (60.0 %) benchmark(s) to run. Estimated finish 2026-06-30 17:42 (0h 0m from now) **
// Build Error: Standard output: 
  
 Standard error: 
 /home/runner/work/Examine/Examine/src/Examine.Benchmarks/ExamineBaseTest.cs(38,44): error CS1729: 'GenericDirectoryFactory' does not contain a constructor that takes 2 arguments [/home/runner/work/Examine/Examine/src/Examine.Benchmarks/Examine.Benchmarks.csproj::TargetFramework=net8.0]
Build FAILED.
/home/runner/work/Examine/Examine/src/Examine.Benchmarks/ExamineBaseTest.cs(38,44): error CS1729: 'GenericDirectoryFactory' does not contain a constructor that takes 2 arguments [/home/runner/work/Examine/Examine/src/Examine.Benchmarks/Examine.Benchmarks.csproj::TargetFramework=net8.0]
    0 Warning(s)
    1 Error(s)
Time Elapsed 00:00:02.73

// BenchmarkDotNet has failed to build the auto-generated boilerplate code.
// It can be found in /home/runner/work/Examine/Examine/src/Examine.Benchmarks/bin/Release/net8.0/908c695d-73c2-4034-a2a7-b9d20e9e9dab
// Please follow the troubleshooting guide: https://benchmarkdotnet.org/articles/guides/troubleshooting.html

// ** Remained 11 (55.0 %) benchmark(s) to run. Estimated finish 2026-06-30 17:42 (0h 0m from now) **
// Build Error: Standard output: 
  
 Standard error: 
 /home/runner/work/Examine/Examine/src/Examine.Benchmarks/ExamineBaseTest.cs(38,44): error CS1729: 'GenericDirectoryFactory' does not contain a constructor that takes 2 arguments [/home/runner/work/Examine/Examine/src/Examine.Benchmarks/Examine.Benchmarks.csproj::TargetFramework=net8.0]
Build FAILED.
/home/runner/work/Examine/Examine/src/Examine.Benchmarks/ExamineBaseTest.cs(38,44): error CS1729: 'GenericDirectoryFactory' does not contain a constructor that takes 2 arguments [/home/runner/work/Examine/Examine/src/Examine.Benchmarks/Examine.Benchmarks.csproj::TargetFramework=net8.0]
    0 Warning(s)
    1 Error(s)
Time Elapsed 00:00:02.73

// BenchmarkDotNet has failed to build the auto-generated boilerplate code.
// It can be found in /home/runner/work/Examine/Examine/src/Examine.Benchmarks/bin/Release/net8.0/908c695d-73c2-4034-a2a7-b9d20e9e9dab
// Please follow the troubleshooting guide: https://benchmarkdotnet.org/articles/guides/troubleshooting.html

// ** Remained 10 (50.0 %) benchmark(s) to run. Estimated finish 2026-06-30 17:42 (0h 0m from now) **
// Build Error: Standard output: 
  
 Standard error: 
 /home/runner/work/Examine/Examine/src/Examine.Benchmarks/ExamineBaseTest.cs(38,44): error CS1729: 'GenericDirectoryFactory' does not contain a constructor that takes 2 arguments [/home/runner/work/Examine/Examine/src/Examine.Benchmarks/Examine.Benchmarks.csproj::TargetFramework=net8.0]
Build FAILED.
/home/runner/work/Examine/Examine/src/Examine.Benchmarks/ExamineBaseTest.cs(38,44): error CS1729: 'GenericDirectoryFactory' does not contain a constructor that takes 2 arguments [/home/runner/work/Examine/Examine/src/Examine.Benchmarks/Examine.Benchmarks.csproj::TargetFramework=net8.0]
    0 Warning(s)
    1 Error(s)
Time Elapsed 00:00:02.73

// BenchmarkDotNet has failed to build the auto-generated boilerplate code.
// It can be found in /home/runner/work/Examine/Examine/src/Examine.Benchmarks/bin/Release/net8.0/908c695d-73c2-4034-a2a7-b9d20e9e9dab
// Please follow the troubleshooting guide: https://benchmarkdotnet.org/articles/guides/troubleshooting.html

// ** Remained 9 (45.0 %) benchmark(s) to run. Estimated finish 2026-06-30 17:42 (0h 0m from now) **
// Build Error: Standard output: 
  
 Standard error: 
 /home/runner/work/Examine/Examine/src/Examine.Benchmarks/ExamineBaseTest.cs(38,44): error CS1729: 'GenericDirectoryFactory' does not contain a constructor that takes 2 arguments [/home/runner/work/Examine/Examine/src/Examine.Benchmarks/Examine.Benchmarks.csproj::TargetFramework=net8.0]
Build FAILED.
/home/runner/work/Examine/Examine/src/Examine.Benchmarks/ExamineBaseTest.cs(38,44): error CS1729: 'GenericDirectoryFactory' does not contain a constructor that takes 2 arguments [/home/runner/work/Examine/Examine/src/Examine.Benchmarks/Examine.Benchmarks.csproj::TargetFramework=net8.0]
    0 Warning(s)
    1 Error(s)
Time Elapsed 00:00:02.73

// BenchmarkDotNet has failed to build the auto-generated boilerplate code.
// It can be found in /home/runner/work/Examine/Examine/src/Examine.Benchmarks/bin/Release/net8.0/908c695d-73c2-4034-a2a7-b9d20e9e9dab
// Please follow the troubleshooting guide: https://benchmarkdotnet.org/articles/guides/troubleshooting.html

// ** Remained 8 (40.0 %) benchmark(s) to run. Estimated finish 2026-06-30 17:42 (0h 0m from now) **
// Build Error: Standard output: 
  
 Standard error: 
 /home/runner/work/Examine/Examine/src/Examine.Benchmarks/ExamineBaseTest.cs(38,44): error CS1729: 'GenericDirectoryFactory' does not contain a constructor that takes 2 arguments [/home/runner/work/Examine/Examine/src/Examine.Benchmarks/Examine.Benchmarks.csproj::TargetFramework=net8.0]
Build FAILED.
/home/runner/work/Examine/Examine/src/Examine.Benchmarks/ExamineBaseTest.cs(38,44): error CS1729: 'GenericDirectoryFactory' does not contain a constructor that takes 2 arguments [/home/runner/work/Examine/Examine/src/Examine.Benchmarks/Examine.Benchmarks.csproj::TargetFramework=net8.0]
    0 Warning(s)
    1 Error(s)
Time Elapsed 00:00:02.69

// BenchmarkDotNet has failed to build the auto-generated boilerplate code.
// It can be found in /home/runner/work/Examine/Examine/src/Examine.Benchmarks/bin/Release/net8.0/b671848a-d4e2-44fe-a3f0-426951d0eea5
// Please follow the troubleshooting guide: https://benchmarkdotnet.org/articles/guides/troubleshooting.html

// ** Remained 7 (35.0 %) benchmark(s) to run. Estimated finish 2026-06-30 17:42 (0h 0m from now) **
// Build Error: Standard output: 
  
 Standard error: 
 /home/runner/work/Examine/Examine/src/Examine.Benchmarks/ExamineBaseTest.cs(38,44): error CS1729: 'GenericDirectoryFactory' does not contain a constructor that takes 2 arguments [/home/runner/work/Examine/Examine/src/Examine.Benchmarks/Examine.Benchmarks.csproj::TargetFramework=net8.0]
Build FAILED.
/home/runner/work/Examine/Examine/src/Examine.Benchmarks/ExamineBaseTest.cs(38,44): error CS1729: 'GenericDirectoryFactory' does not contain a constructor that takes 2 arguments [/home/runner/work/Examine/Examine/src/Examine.Benchmarks/Examine.Benchmarks.csproj::TargetFramework=net8.0]
    0 Warning(s)
    1 Error(s)
Time Elapsed 00:00:02.69

// BenchmarkDotNet has failed to build the auto-generated boilerplate code.
// It can be found in /home/runner/work/Examine/Examine/src/Examine.Benchmarks/bin/Release/net8.0/b671848a-d4e2-44fe-a3f0-426951d0eea5
// Please follow the troubleshooting guide: https://benchmarkdotnet.org/articles/guides/troubleshooting.html

// ** Remained 6 (30.0 %) benchmark(s) to run. Estimated finish 2026-06-30 17:42 (0h 0m from now) **
// Build Error: Standard output: 
  
 Standard error: 
 /home/runner/work/Examine/Examine/src/Examine.Benchmarks/ExamineBaseTest.cs(38,44): error CS1729: 'GenericDirectoryFactory' does not contain a constructor that takes 2 arguments [/home/runner/work/Examine/Examine/src/Examine.Benchmarks/Examine.Benchmarks.csproj::TargetFramework=net8.0]
Build FAILED.
/home/runner/work/Examine/Examine/src/Examine.Benchmarks/ExamineBaseTest.cs(38,44): error CS1729: 'GenericDirectoryFactory' does not contain a constructor that takes 2 arguments [/home/runner/work/Examine/Examine/src/Examine.Benchmarks/Examine.Benchmarks.csproj::TargetFramework=net8.0]
    0 Warning(s)
    1 Error(s)
Time Elapsed 00:00:02.69

// BenchmarkDotNet has failed to build the auto-generated boilerplate code.
// It can be found in /home/runner/work/Examine/Examine/src/Examine.Benchmarks/bin/Release/net8.0/b671848a-d4e2-44fe-a3f0-426951d0eea5
// Please follow the troubleshooting guide: https://benchmarkdotnet.org/articles/guides/troubleshooting.html

// ** Remained 5 (25.0 %) benchmark(s) to run. Estimated finish 2026-06-30 17:42 (0h 0m from now) **
// Build Error: Standard output: 
  
 Standard error: 
 /home/runner/work/Examine/Examine/src/Examine.Benchmarks/ExamineBaseTest.cs(38,44): error CS1729: 'GenericDirectoryFactory' does not contain a constructor that takes 2 arguments [/home/runner/work/Examine/Examine/src/Examine.Benchmarks/Examine.Benchmarks.csproj::TargetFramework=net8.0]
Build FAILED.
/home/runner/work/Examine/Examine/src/Examine.Benchmarks/ExamineBaseTest.cs(38,44): error CS1729: 'GenericDirectoryFactory' does not contain a constructor that takes 2 arguments [/home/runner/work/Examine/Examine/src/Examine.Benchmarks/Examine.Benchmarks.csproj::TargetFramework=net8.0]
    0 Warning(s)
    1 Error(s)
Time Elapsed 00:00:02.69

// BenchmarkDotNet has failed to build the auto-generated boilerplate code.
// It can be found in /home/runner/work/Examine/Examine/src/Examine.Benchmarks/bin/Release/net8.0/b671848a-d4e2-44fe-a3f0-426951d0eea5
// Please follow the troubleshooting guide: https://benchmarkdotnet.org/articles/guides/troubleshooting.html

// ** Remained 4 (20.0 %) benchmark(s) to run. Estimated finish 2026-06-30 17:42 (0h 0m from now) **
// **************************
// Benchmark: ManagedQueryBenchmarks.ManagedQueryAllFields: Source(Runtime=.NET 8.0, IterationCount=3, LaunchCount=1, WarmupCount=3)
// *** Execute ***
// Launch: 1 / 1
// Execute: dotnet 3496337f-2fe3-4775-b95f-d0979c116767.dll --anonymousPipes 112 114 --benchmarkName Examine.Benchmarks.ManagedQueryBenchmarks.ManagedQueryAllFields --job Source --benchmarkId 0 in /home/runner/work/Examine/Examine/src/Examine.Benchmarks/bin/Release/net8.0/3496337f-2fe3-4775-b95f-d0979c116767/bin/Release/net8.0
// Failed to set up high priority (Permission denied). In order to run benchmarks with high priority, make sure you have the right permissions.
// BeforeAnythingElse

// Benchmark Process Environment Information:
// BenchmarkDotNet v0.14.0
// Runtime=.NET 8.0.28 (8.0.2826.26413), X64 RyuJIT AVX2
// GC=Concurrent Workstation
// HardwareIntrinsics=AVX2,AES,BMI1,BMI2,FMA,LZCNT,PCLMUL,POPCNT VectorSize=256
// Job: Source(IterationCount=3, LaunchCount=1, WarmupCount=3)

info: Examine.Benchmarks.ManagedQueryBenchmarks[0]
      ManagedQuery benchmark index ready with 1000 docs
OverheadJitting  1: 1 op, 276606.00 ns, 276.6060 us/op
WorkloadJitting  1: 1 op, 56180685.00 ns, 56.1807 ms/op

WorkloadPilot    1: 2 op, 26842648.00 ns, 13.4213 ms/op
WorkloadPilot    2: 3 op, 39115830.00 ns, 13.0386 ms/op
WorkloadPilot    3: 4 op, 51775231.00 ns, 12.9438 ms/op
WorkloadPilot    4: 5 op, 64092856.00 ns, 12.8186 ms/op
WorkloadPilot    5: 6 op, 112247338.00 ns, 18.7079 ms/op
WorkloadPilot    6: 7 op, 139693003.00 ns, 19.9561 ms/op
WorkloadPilot    7: 8 op, 79733534.00 ns, 9.9667 ms/op
WorkloadPilot    8: 9 op, 51423004.00 ns, 5.7137 ms/op
WorkloadPilot    9: 10 op, 40699917.00 ns, 4.0700 ms/op
WorkloadPilot   10: 11 op, 27824442.00 ns, 2.5295 ms/op
WorkloadPilot   11: 12 op, 30314770.00 ns, 2.5262 ms/op
WorkloadPilot   12: 13 op, 32344319.00 ns, 2.4880 ms/op
WorkloadPilot   13: 14 op, 55762495.00 ns, 3.9830 ms/op
WorkloadPilot   14: 15 op, 58707994.00 ns, 3.9139 ms/op
WorkloadPilot   15: 16 op, 61830252.00 ns, 3.8644 ms/op
WorkloadPilot   16: 32 op, 109155347.00 ns, 3.4111 ms/op
WorkloadPilot   17: 64 op, 177895618.00 ns, 2.7796 ms/op
WorkloadPilot   18: 128 op, 300460046.00 ns, 2.3473 ms/op
WorkloadPilot   19: 256 op, 589970069.00 ns, 2.3046 ms/op

WorkloadWarmup   1: 256 op, 599202095.00 ns, 2.3406 ms/op
WorkloadWarmup   2: 256 op, 590784992.00 ns, 2.3078 ms/op
WorkloadWarmup   3: 256 op, 586096891.00 ns, 2.2894 ms/op

// BeforeActualRun
WorkloadActual   1: 256 op, 593154315.00 ns, 2.3170 ms/op
WorkloadActual   2: 256 op, 694974416.00 ns, 2.7147 ms/op
WorkloadActual   3: 256 op, 740546357.00 ns, 2.8928 ms/op

// AfterActualRun
WorkloadResult   1: 256 op, 593154315.00 ns, 2.3170 ms/op
WorkloadResult   2: 256 op, 694974416.00 ns, 2.7147 ms/op
WorkloadResult   3: 256 op, 740546357.00 ns, 2.8928 ms/op
// GC:  5 2 0 97479552 256
// Threading:  0 0 256
// Exceptions:  1

// AfterAll
// Benchmark Process 8504 has exited with code 0.

Mean = 2.642 ms, StdErr = 0.170 ms (6.44%), N = 3, StdDev = 0.295 ms
Min = 2.317 ms, Q1 = 2.516 ms, Median = 2.715 ms, Q3 = 2.804 ms, Max = 2.893 ms
IQR = 0.288 ms, LowerFence = 2.084 ms, UpperFence = 3.236 ms
ConfidenceInterval = [-2.736 ms; 8.019 ms] (CI 99.9%), Margin = 5.378 ms (203.59% of Mean)
Skewness = -0.23, Kurtosis = 0.67, MValue = 2

// ** Remained 3 (15.0 %) benchmark(s) to run. Estimated finish 2026-06-30 17:42 (0h 0m from now) **
// **************************
// Benchmark: ManagedQueryBenchmarks.ManagedQuerySingleField: Source(Runtime=.NET 8.0, IterationCount=3, LaunchCount=1, WarmupCount=3)
// *** Execute ***
// Launch: 1 / 1
// Execute: dotnet 3496337f-2fe3-4775-b95f-d0979c116767.dll --anonymousPipes 115 116 --benchmarkName Examine.Benchmarks.ManagedQueryBenchmarks.ManagedQuerySingleField --job Source --benchmarkId 1 in /home/runner/work/Examine/Examine/src/Examine.Benchmarks/bin/Release/net8.0/3496337f-2fe3-4775-b95f-d0979c116767/bin/Release/net8.0
// Failed to set up high priority (Permission denied). In order to run benchmarks with high priority, make sure you have the right permissions.
// BeforeAnythingElse

// Benchmark Process Environment Information:
// BenchmarkDotNet v0.14.0
// Runtime=.NET 8.0.28 (8.0.2826.26413), X64 RyuJIT AVX2
// GC=Concurrent Workstation
// HardwareIntrinsics=AVX2,AES,BMI1,BMI2,FMA,LZCNT,PCLMUL,POPCNT VectorSize=256
// Job: Source(IterationCount=3, LaunchCount=1, WarmupCount=3)

info: Examine.Benchmarks.ManagedQueryBenchmarks[0]
      ManagedQuery benchmark index ready with 1000 docs
OverheadJitting  1: 1 op, 392663.00 ns, 392.6630 us/op
WorkloadJitting  1: 1 op, 56790590.00 ns, 56.7906 ms/op

WorkloadPilot    1: 2 op, 25772088.00 ns, 12.8860 ms/op
WorkloadPilot    2: 3 op, 37186306.00 ns, 12.3954 ms/op
WorkloadPilot    3: 4 op, 49215781.00 ns, 12.3039 ms/op
WorkloadPilot    4: 5 op, 61334361.00 ns, 12.2669 ms/op
WorkloadPilot    5: 6 op, 104585237.00 ns, 17.4309 ms/op
WorkloadPilot    6: 7 op, 132288772.00 ns, 18.8984 ms/op
WorkloadPilot    7: 8 op, 75419845.00 ns, 9.4275 ms/op
WorkloadPilot    8: 9 op, 39770008.00 ns, 4.4189 ms/op
WorkloadPilot    9: 10 op, 32848188.00 ns, 3.2848 ms/op
WorkloadPilot   10: 11 op, 25855677.00 ns, 2.3505 ms/op
WorkloadPilot   11: 12 op, 28038119.00 ns, 2.3365 ms/op
WorkloadPilot   12: 13 op, 31263368.00 ns, 2.4049 ms/op
WorkloadPilot   13: 14 op, 53143192.00 ns, 3.7959 ms/op
WorkloadPilot   14: 15 op, 56565971.00 ns, 3.7711 ms/op
WorkloadPilot   15: 16 op, 59884175.00 ns, 3.7428 ms/op
WorkloadPilot   16: 32 op, 122755436.00 ns, 3.8361 ms/op
WorkloadPilot   17: 64 op, 175418882.00 ns, 2.7409 ms/op
WorkloadPilot   18: 128 op, 283909330.00 ns, 2.2180 ms/op
WorkloadPilot   19: 256 op, 553802936.00 ns, 2.1633 ms/op

WorkloadWarmup   1: 256 op, 577085287.00 ns, 2.2542 ms/op
WorkloadWarmup   2: 256 op, 552442906.00 ns, 2.1580 ms/op
WorkloadWarmup   3: 256 op, 548708716.00 ns, 2.1434 ms/op

// BeforeActualRun
WorkloadActual   1: 256 op, 560036291.00 ns, 2.1876 ms/op
WorkloadActual   2: 256 op, 557191935.00 ns, 2.1765 ms/op
WorkloadActual   3: 256 op, 555073125.00 ns, 2.1683 ms/op

// AfterActualRun
WorkloadResult   1: 256 op, 560036291.00 ns, 2.1876 ms/op
WorkloadResult   2: 256 op, 557191935.00 ns, 2.1765 ms/op
WorkloadResult   3: 256 op, 555073125.00 ns, 2.1683 ms/op
// GC:  4 1 0 80339528 256
// Threading:  0 0 256
// Exceptions:  1

// AfterAll
// Benchmark Process 8528 has exited with code 0.

Mean = 2.177 ms, StdErr = 0.006 ms (0.26%), N = 3, StdDev = 0.010 ms
Min = 2.168 ms, Q1 = 2.172 ms, Median = 2.177 ms, Q3 = 2.182 ms, Max = 2.188 ms
IQR = 0.010 ms, LowerFence = 2.158 ms, UpperFence = 2.197 ms
ConfidenceInterval = [2.000 ms; 2.355 ms] (CI 99.9%), Margin = 0.177 ms (8.15% of Mean)
Skewness = 0.1, Kurtosis = 0.67, MValue = 2

// ** Remained 2 (10.0 %) benchmark(s) to run. Estimated finish 2026-06-30 17:42 (0h 0m from now) **
// **************************
// Benchmark: ManagedQueryBenchmarks.ManagedQueryTwoFields: Source(Runtime=.NET 8.0, IterationCount=3, LaunchCount=1, WarmupCount=3)
// *** Execute ***
// Launch: 1 / 1
// Execute: dotnet 3496337f-2fe3-4775-b95f-d0979c116767.dll --anonymousPipes 115 116 --benchmarkName Examine.Benchmarks.ManagedQueryBenchmarks.ManagedQueryTwoFields --job Source --benchmarkId 2 in /home/runner/work/Examine/Examine/src/Examine.Benchmarks/bin/Release/net8.0/3496337f-2fe3-4775-b95f-d0979c116767/bin/Release/net8.0
// Failed to set up high priority (Permission denied). In order to run benchmarks with high priority, make sure you have the right permissions.
// BeforeAnythingElse

// Benchmark Process Environment Information:
// BenchmarkDotNet v0.14.0
// Runtime=.NET 8.0.28 (8.0.2826.26413), X64 RyuJIT AVX2
// GC=Concurrent Workstation
// HardwareIntrinsics=AVX2,AES,BMI1,BMI2,FMA,LZCNT,PCLMUL,POPCNT VectorSize=256
// Job: Source(IterationCount=3, LaunchCount=1, WarmupCount=3)

info: Examine.Benchmarks.ManagedQueryBenchmarks[0]
      ManagedQuery benchmark index ready with 1000 docs
OverheadJitting  1: 1 op, 275424.00 ns, 275.4240 us/op
WorkloadJitting  1: 1 op, 55056602.00 ns, 55.0566 ms/op

WorkloadPilot    1: 2 op, 26208763.00 ns, 13.1044 ms/op
WorkloadPilot    2: 3 op, 38359194.00 ns, 12.7864 ms/op
WorkloadPilot    3: 4 op, 50846944.00 ns, 12.7117 ms/op
WorkloadPilot    4: 5 op, 63209230.00 ns, 12.6418 ms/op
WorkloadPilot    5: 6 op, 108598857.00 ns, 18.0998 ms/op
WorkloadPilot    6: 7 op, 147007514.00 ns, 21.0011 ms/op
WorkloadPilot    7: 8 op, 81173905.00 ns, 10.1467 ms/op
WorkloadPilot    8: 9 op, 39865195.00 ns, 4.4295 ms/op
WorkloadPilot    9: 10 op, 31492176.00 ns, 3.1492 ms/op
WorkloadPilot   10: 11 op, 27622211.00 ns, 2.5111 ms/op
WorkloadPilot   11: 12 op, 29844028.00 ns, 2.4870 ms/op
WorkloadPilot   12: 13 op, 39994797.00 ns, 3.0765 ms/op
WorkloadPilot   13: 14 op, 54244486.00 ns, 3.8746 ms/op
WorkloadPilot   14: 15 op, 57600200.00 ns, 3.8400 ms/op
WorkloadPilot   15: 16 op, 60423410.00 ns, 3.7765 ms/op
WorkloadPilot   16: 32 op, 123105788.00 ns, 3.8471 ms/op
WorkloadPilot   17: 64 op, 178016928.00 ns, 2.7815 ms/op
WorkloadPilot   18: 128 op, 303265876.00 ns, 2.3693 ms/op
WorkloadPilot   19: 256 op, 609682904.00 ns, 2.3816 ms/op

WorkloadWarmup   1: 256 op, 614987424.00 ns, 2.4023 ms/op
WorkloadWarmup   2: 256 op, 599564136.00 ns, 2.3420 ms/op
WorkloadWarmup   3: 256 op, 599855479.00 ns, 2.3432 ms/op

// BeforeActualRun
WorkloadActual   1: 256 op, 597859754.00 ns, 2.3354 ms/op
WorkloadActual   2: 256 op, 600145206.00 ns, 2.3443 ms/op
WorkloadActual   3: 256 op, 598626395.00 ns, 2.3384 ms/op

// AfterActualRun
WorkloadResult   1: 256 op, 597859754.00 ns, 2.3354 ms/op
WorkloadResult   2: 256 op, 600145206.00 ns, 2.3443 ms/op
WorkloadResult   3: 256 op, 598626395.00 ns, 2.3384 ms/op
// GC:  5 1 0 86080384 256
// Threading:  0 0 256
// Exceptions:  1

// ERROR:  Exception during GlobalCleanup!
// ERROR:  Could not find a part of the path '/tmp/ExamineBenchmarks'.
// AfterAll
Exception during GlobalCleanup!
Could not find a part of the path '/tmp/ExamineBenchmarks'.
No Workload Results were obtained from the run.
// Benchmark Process 8552 has exited with code 0.

// ** Remained 1 (5.0 %) benchmark(s) to run. Estimated finish 2026-06-30 17:42 (0h 0m from now) **
// **************************
// Benchmark: ManagedQueryBenchmarks.ManagedQueryThreeFields: Source(Runtime=.NET 8.0, IterationCount=3, LaunchCount=1, WarmupCount=3)
// *** Execute ***
// Launch: 1 / 1
// Execute: dotnet 3496337f-2fe3-4775-b95f-d0979c116767.dll --anonymousPipes 115 116 --benchmarkName Examine.Benchmarks.ManagedQueryBenchmarks.ManagedQueryThreeFields --job Source --benchmarkId 3 in /home/runner/work/Examine/Examine/src/Examine.Benchmarks/bin/Release/net8.0/3496337f-2fe3-4775-b95f-d0979c116767/bin/Release/net8.0
// Failed to set up high priority (Permission denied). In order to run benchmarks with high priority, make sure you have the right permissions.
// BeforeAnythingElse

// Benchmark Process Environment Information:
// BenchmarkDotNet v0.14.0
// Runtime=.NET 8.0.28 (8.0.2826.26413), X64 RyuJIT AVX2
// GC=Concurrent Workstation
// HardwareIntrinsics=AVX2,AES,BMI1,BMI2,FMA,LZCNT,PCLMUL,POPCNT VectorSize=256
// Job: Source(IterationCount=3, LaunchCount=1, WarmupCount=3)

info: Examine.Benchmarks.ManagedQueryBenchmarks[0]
      ManagedQuery benchmark index ready with 1000 docs
OverheadJitting  1: 1 op, 281095.00 ns, 281.0950 us/op
WorkloadJitting  1: 1 op, 54899628.00 ns, 54.8996 ms/op

WorkloadPilot    1: 2 op, 26328480.00 ns, 13.1642 ms/op
WorkloadPilot    2: 3 op, 37977297.00 ns, 12.6591 ms/op
WorkloadPilot    3: 4 op, 50461693.00 ns, 12.6154 ms/op
WorkloadPilot    4: 5 op, 62775481.00 ns, 12.5551 ms/op
WorkloadPilot    5: 6 op, 92241328.00 ns, 15.3736 ms/op
WorkloadPilot    6: 7 op, 117552139.00 ns, 16.7932 ms/op
WorkloadPilot    7: 8 op, 61195802.00 ns, 7.6495 ms/op
WorkloadPilot    8: 9 op, 33316476.00 ns, 3.7018 ms/op
WorkloadPilot    9: 10 op, 27516438.00 ns, 2.7516 ms/op
WorkloadPilot   10: 11 op, 26897784.00 ns, 2.4453 ms/op
WorkloadPilot   11: 12 op, 29290681.00 ns, 2.4409 ms/op
WorkloadPilot   12: 13 op, 31649133.00 ns, 2.4345 ms/op
WorkloadPilot   13: 14 op, 33857156.00 ns, 2.4184 ms/op
WorkloadPilot   14: 15 op, 35977134.00 ns, 2.3985 ms/op
WorkloadPilot   15: 16 op, 37482222.00 ns, 2.3426 ms/op
WorkloadPilot   16: 32 op, 74896188.00 ns, 2.3405 ms/op
WorkloadPilot   17: 64 op, 154341920.00 ns, 2.4116 ms/op
WorkloadPilot   18: 128 op, 291089172.00 ns, 2.2741 ms/op
WorkloadPilot   19: 256 op, 581624231.00 ns, 2.2720 ms/op

WorkloadWarmup   1: 256 op, 579416841.00 ns, 2.2633 ms/op
WorkloadWarmup   2: 256 op, 580945685.00 ns, 2.2693 ms/op
WorkloadWarmup   3: 256 op, 580164967.00 ns, 2.2663 ms/op

// BeforeActualRun
WorkloadActual   1: 256 op, 598935238.00 ns, 2.3396 ms/op
WorkloadActual   2: 256 op, 579097767.00 ns, 2.2621 ms/op
WorkloadActual   3: 256 op, 581787038.00 ns, 2.2726 ms/op

// AfterActualRun
WorkloadResult   1: 256 op, 598935238.00 ns, 2.3396 ms/op
WorkloadResult   2: 256 op, 579097767.00 ns, 2.2621 ms/op
WorkloadResult   3: 256 op, 581787038.00 ns, 2.2726 ms/op
// GC:  5 2 0 92007192 256
// Threading:  0 0 256
// Exceptions:  1

// AfterAll
// Benchmark Process 8574 has exited with code 0.

Mean = 2.291 ms, StdErr = 0.024 ms (1.06%), N = 3, StdDev = 0.042 ms
Min = 2.262 ms, Q1 = 2.267 ms, Median = 2.273 ms, Q3 = 2.306 ms, Max = 2.340 ms
IQR = 0.039 ms, LowerFence = 2.209 ms, UpperFence = 2.364 ms
ConfidenceInterval = [1.525 ms; 3.058 ms] (CI 99.9%), Margin = 0.767 ms (33.47% of Mean)
Skewness = 0.36, Kurtosis = 0.67, MValue = 2

// ** Remained 0 (0.0 %) benchmark(s) to run. Estimated finish 2026-06-30 17:42 (0h 0m from now) **
// ***** BenchmarkRunner: Finish  *****

// * Export *
  BenchmarkDotNet.Artifacts/results/Examine.Benchmarks.ManagedQueryBenchmarks-report.csv
  BenchmarkDotNet.Artifacts/results/Examine.Benchmarks.ManagedQueryBenchmarks-report-github.md
  BenchmarkDotNet.Artifacts/results/Examine.Benchmarks.ManagedQueryBenchmarks-report.html

// * Detailed results *
ManagedQueryBenchmarks.ManagedQueryAllFields: 3.0.1(Runtime=.NET 8.0, Arguments=/p:LocalBuild=false, NuGetReferences=Examine 3.0.1, IterationCount=3, LaunchCount=1, WarmupCount=3)
Runtime = ; GC = 
There are not any results runs

ManagedQueryBenchmarks.ManagedQuerySingleField: 3.0.1(Runtime=.NET 8.0, Arguments=/p:LocalBuild=false, NuGetReferences=Examine 3.0.1, IterationCount=3, LaunchCount=1, WarmupCount=3)
Runtime = ; GC = 
There are not any results runs

ManagedQueryBenchmarks.ManagedQueryTwoFields: 3.0.1(Runtime=.NET 8.0, Arguments=/p:LocalBuild=false, NuGetReferences=Examine 3.0.1, IterationCount=3, LaunchCount=1, WarmupCount=3)
Runtime = ; GC = 
There are not any results runs

ManagedQueryBenchmarks.ManagedQueryThreeFields: 3.0.1(Runtime=.NET 8.0, Arguments=/p:LocalBuild=false, NuGetReferences=Examine 3.0.1, IterationCount=3, LaunchCount=1, WarmupCount=3)
Runtime = ; GC = 
There are not any results runs

ManagedQueryBenchmarks.ManagedQueryAllFields: 3.1.0(Runtime=.NET 8.0, Arguments=/p:LocalBuild=false, NuGetReferences=Examine 3.1.0, IterationCount=3, LaunchCount=1, WarmupCount=3)
Runtime = ; GC = 
There are not any results runs

ManagedQueryBenchmarks.ManagedQuerySingleField: 3.1.0(Runtime=.NET 8.0, Arguments=/p:LocalBuild=false, NuGetReferences=Examine 3.1.0, IterationCount=3, LaunchCount=1, WarmupCount=3)
Runtime = ; GC = 
There are not any results runs

ManagedQueryBenchmarks.ManagedQueryTwoFields: 3.1.0(Runtime=.NET 8.0, Arguments=/p:LocalBuild=false, NuGetReferences=Examine 3.1.0, IterationCount=3, LaunchCount=1, WarmupCount=3)
Runtime = ; GC = 
There are not any results runs

ManagedQueryBenchmarks.ManagedQueryThreeFields: 3.1.0(Runtime=.NET 8.0, Arguments=/p:LocalBuild=false, NuGetReferences=Examine 3.1.0, IterationCount=3, LaunchCount=1, WarmupCount=3)
Runtime = ; GC = 
There are not any results runs

ManagedQueryBenchmarks.ManagedQueryAllFields: 3.2.1(Runtime=.NET 8.0, Arguments=/p:LocalBuild=false, NuGetReferences=Examine 3.2.1, IterationCount=3, LaunchCount=1, WarmupCount=3)
Runtime = ; GC = 
There are not any results runs

ManagedQueryBenchmarks.ManagedQuerySingleField: 3.2.1(Runtime=.NET 8.0, Arguments=/p:LocalBuild=false, NuGetReferences=Examine 3.2.1, IterationCount=3, LaunchCount=1, WarmupCount=3)
Runtime = ; GC = 
There are not any results runs

ManagedQueryBenchmarks.ManagedQueryTwoFields: 3.2.1(Runtime=.NET 8.0, Arguments=/p:LocalBuild=false, NuGetReferences=Examine 3.2.1, IterationCount=3, LaunchCount=1, WarmupCount=3)
Runtime = ; GC = 
There are not any results runs

ManagedQueryBenchmarks.ManagedQueryThreeFields: 3.2.1(Runtime=.NET 8.0, Arguments=/p:LocalBuild=false, NuGetReferences=Examine 3.2.1, IterationCount=3, LaunchCount=1, WarmupCount=3)
Runtime = ; GC = 
There are not any results runs

ManagedQueryBenchmarks.ManagedQueryAllFields: 3.3.0(Runtime=.NET 8.0, Arguments=/p:LocalBuild=false, NuGetReferences=Examine 3.3.0, IterationCount=3, LaunchCount=1, WarmupCount=3)
Runtime = ; GC = 
There are not any results runs

ManagedQueryBenchmarks.ManagedQuerySingleField: 3.3.0(Runtime=.NET 8.0, Arguments=/p:LocalBuild=false, NuGetReferences=Examine 3.3.0, IterationCount=3, LaunchCount=1, WarmupCount=3)
Runtime = ; GC = 
There are not any results runs

ManagedQueryBenchmarks.ManagedQueryTwoFields: 3.3.0(Runtime=.NET 8.0, Arguments=/p:LocalBuild=false, NuGetReferences=Examine 3.3.0, IterationCount=3, LaunchCount=1, WarmupCount=3)
Runtime = ; GC = 
There are not any results runs

ManagedQueryBenchmarks.ManagedQueryThreeFields: 3.3.0(Runtime=.NET 8.0, Arguments=/p:LocalBuild=false, NuGetReferences=Examine 3.3.0, IterationCount=3, LaunchCount=1, WarmupCount=3)
Runtime = ; GC = 
There are not any results runs

ManagedQueryBenchmarks.ManagedQueryAllFields: Source(Runtime=.NET 8.0, IterationCount=3, LaunchCount=1, WarmupCount=3)
Runtime = .NET 8.0.28 (8.0.2826.26413), X64 RyuJIT AVX2; GC = Concurrent Workstation
Mean = 2.642 ms, StdErr = 0.170 ms (6.44%), N = 3, StdDev = 0.295 ms
Min = 2.317 ms, Q1 = 2.516 ms, Median = 2.715 ms, Q3 = 2.804 ms, Max = 2.893 ms
IQR = 0.288 ms, LowerFence = 2.084 ms, UpperFence = 3.236 ms
ConfidenceInterval = [-2.736 ms; 8.019 ms] (CI 99.9%), Margin = 5.378 ms (203.59% of Mean)
Skewness = -0.23, Kurtosis = 0.67, MValue = 2
-------------------- Histogram --------------------
[2.049 ms ; 2.535 ms) | @
[2.535 ms ; 3.161 ms) | @@
---------------------------------------------------

ManagedQueryBenchmarks.ManagedQuerySingleField: Source(Runtime=.NET 8.0, IterationCount=3, LaunchCount=1, WarmupCount=3)
Runtime = .NET 8.0.28 (8.0.2826.26413), X64 RyuJIT AVX2; GC = Concurrent Workstation
Mean = 2.177 ms, StdErr = 0.006 ms (0.26%), N = 3, StdDev = 0.010 ms
Min = 2.168 ms, Q1 = 2.172 ms, Median = 2.177 ms, Q3 = 2.182 ms, Max = 2.188 ms
IQR = 0.010 ms, LowerFence = 2.158 ms, UpperFence = 2.197 ms
ConfidenceInterval = [2.000 ms; 2.355 ms] (CI 99.9%), Margin = 0.177 ms (8.15% of Mean)
Skewness = 0.1, Kurtosis = 0.67, MValue = 2
-------------------- Histogram --------------------
[2.159 ms ; 2.196 ms) | @@@
---------------------------------------------------

ManagedQueryBenchmarks.ManagedQueryTwoFields: Source(Runtime=.NET 8.0, IterationCount=3, LaunchCount=1, WarmupCount=3)
Runtime = .NET 8.0.28 (8.0.2826.26413), X64 RyuJIT AVX2; GC = Concurrent Workstation
There are not any results runs

ManagedQueryBenchmarks.ManagedQueryThreeFields: Source(Runtime=.NET 8.0, IterationCount=3, LaunchCount=1, WarmupCount=3)
Runtime = .NET 8.0.28 (8.0.2826.26413), X64 RyuJIT AVX2; GC = Concurrent Workstation
Mean = 2.291 ms, StdErr = 0.024 ms (1.06%), N = 3, StdDev = 0.042 ms
Min = 2.262 ms, Q1 = 2.267 ms, Median = 2.273 ms, Q3 = 2.306 ms, Max = 2.340 ms
IQR = 0.039 ms, LowerFence = 2.209 ms, UpperFence = 2.364 ms
ConfidenceInterval = [1.525 ms; 3.058 ms] (CI 99.9%), Margin = 0.767 ms (33.47% of Mean)
Skewness = 0.36, Kurtosis = 0.67, MValue = 2
-------------------- Histogram --------------------
[2.224 ms ; 2.306 ms) | @@
[2.306 ms ; 2.378 ms) | @
---------------------------------------------------

// * Summary *

BenchmarkDotNet v0.14.0, Ubuntu 24.04.4 LTS (Noble Numbat)
AMD EPYC 7763, 1 CPU, 4 logical and 2 physical cores
.NET SDK 10.0.301
  [Host] : .NET 8.0.28 (8.0.2826.26413), X64 RyuJIT AVX2
  Source : .NET 8.0.28 (8.0.2826.26413), X64 RyuJIT AVX2

Runtime=.NET 8.0  IterationCount=3  LaunchCount=1  
WarmupCount=3  

| Method                  | Job    | Mean     | Ratio | RatioSD | Gen0    | Gen1   | Allocated | Alloc Ratio |
|------------------------ |------- |---------:|------:|--------:|--------:|-------:|----------:|------------:|
| ManagedQueryAllFields   | 3.0.1  |       NA |     ? |       ? |      NA |     NA |        NA |           ? |
| ManagedQuerySingleField | 3.0.1  |       NA |     ? |       ? |      NA |     NA |        NA |           ? |
| ManagedQueryTwoFields   | 3.0.1  |       NA |     ? |       ? |      NA |     NA |        NA |           ? |
| ManagedQueryThreeFields | 3.0.1  |       NA |     ? |       ? |      NA |     NA |        NA |           ? |
|                         |        |          |       |         |         |        |           |             |
| ManagedQueryAllFields   | 3.1.0  |       NA |     ? |       ? |      NA |     NA |        NA |           ? |
| ManagedQuerySingleField | 3.1.0  |       NA |     ? |       ? |      NA |     NA |        NA |           ? |
| ManagedQueryTwoFields   | 3.1.0  |       NA |     ? |       ? |      NA |     NA |        NA |           ? |
| ManagedQueryThreeFields | 3.1.0  |       NA |     ? |       ? |      NA |     NA |        NA |           ? |
|                         |        |          |       |         |         |        |           |             |
| ManagedQueryAllFields   | 3.2.1  |       NA |     ? |       ? |      NA |     NA |        NA |           ? |
| ManagedQuerySingleField | 3.2.1  |       NA |     ? |       ? |      NA |     NA |        NA |           ? |
| ManagedQueryTwoFields   | 3.2.1  |       NA |     ? |       ? |      NA |     NA |        NA |           ? |
| ManagedQueryThreeFields | 3.2.1  |       NA |     ? |       ? |      NA |     NA |        NA |           ? |
|                         |        |          |       |         |         |        |           |             |
| ManagedQueryAllFields   | 3.3.0  |       NA |     ? |       ? |      NA |     NA |        NA |           ? |
| ManagedQuerySingleField | 3.3.0  |       NA |     ? |       ? |      NA |     NA |        NA |           ? |
| ManagedQueryTwoFields   | 3.3.0  |       NA |     ? |       ? |      NA |     NA |        NA |           ? |
| ManagedQueryThreeFields | 3.3.0  |       NA |     ? |       ? |      NA |     NA |        NA |           ? |
|                         |        |          |       |         |         |        |           |             |
| ManagedQueryAllFields   | Source | 2.642 ms |  1.01 |    0.14 | 19.5313 | 7.8125 | 371.86 KB |        1.00 |
| ManagedQuerySingleField | Source | 2.177 ms |  0.83 |    0.08 | 15.6250 | 3.9063 | 306.47 KB |        0.82 |
| ManagedQueryTwoFields   | Source |       NA |     ? |       ? |      NA |     NA |        NA |           ? |
| ManagedQueryThreeFields | Source | 2.291 ms |  0.88 |    0.09 | 19.5313 | 7.8125 | 350.98 KB |        0.94 |

Benchmarks with issues:
  ManagedQueryBenchmarks.ManagedQueryAllFields: 3.0.1(Runtime=.NET 8.0, Arguments=/p:LocalBuild=false, NuGetReferences=Examine 3.0.1, IterationCount=3, LaunchCount=1, WarmupCount=3)
  ManagedQueryBenchmarks.ManagedQuerySingleField: 3.0.1(Runtime=.NET 8.0, Arguments=/p:LocalBuild=false, NuGetReferences=Examine 3.0.1, IterationCount=3, LaunchCount=1, WarmupCount=3)
  ManagedQueryBenchmarks.ManagedQueryTwoFields: 3.0.1(Runtime=.NET 8.0, Arguments=/p:LocalBuild=false, NuGetReferences=Examine 3.0.1, IterationCount=3, LaunchCount=1, WarmupCount=3)
  ManagedQueryBenchmarks.ManagedQueryThreeFields: 3.0.1(Runtime=.NET 8.0, Arguments=/p:LocalBuild=false, NuGetReferences=Examine 3.0.1, IterationCount=3, LaunchCount=1, WarmupCount=3)
  ManagedQueryBenchmarks.ManagedQueryAllFields: 3.1.0(Runtime=.NET 8.0, Arguments=/p:LocalBuild=false, NuGetReferences=Examine 3.1.0, IterationCount=3, LaunchCount=1, WarmupCount=3)
  ManagedQueryBenchmarks.ManagedQuerySingleField: 3.1.0(Runtime=.NET 8.0, Arguments=/p:LocalBuild=false, NuGetReferences=Examine 3.1.0, IterationCount=3, LaunchCount=1, WarmupCount=3)
  ManagedQueryBenchmarks.ManagedQueryTwoFields: 3.1.0(Runtime=.NET 8.0, Arguments=/p:LocalBuild=false, NuGetReferences=Examine 3.1.0, IterationCount=3, LaunchCount=1, WarmupCount=3)
  ManagedQueryBenchmarks.ManagedQueryThreeFields: 3.1.0(Runtime=.NET 8.0, Arguments=/p:LocalBuild=false, NuGetReferences=Examine 3.1.0, IterationCount=3, LaunchCount=1, WarmupCount=3)
  ManagedQueryBenchmarks.ManagedQueryAllFields: 3.2.1(Runtime=.NET 8.0, Arguments=/p:LocalBuild=false, NuGetReferences=Examine 3.2.1, IterationCount=3, LaunchCount=1, WarmupCount=3)
  ManagedQueryBenchmarks.ManagedQuerySingleField: 3.2.1(Runtime=.NET 8.0, Arguments=/p:LocalBuild=false, NuGetReferences=Examine 3.2.1, IterationCount=3, LaunchCount=1, WarmupCount=3)
  ManagedQueryBenchmarks.ManagedQueryTwoFields: 3.2.1(Runtime=.NET 8.0, Arguments=/p:LocalBuild=false, NuGetReferences=Examine 3.2.1, IterationCount=3, LaunchCount=1, WarmupCount=3)
  ManagedQueryBenchmarks.ManagedQueryThreeFields: 3.2.1(Runtime=.NET 8.0, Arguments=/p:LocalBuild=false, NuGetReferences=Examine 3.2.1, IterationCount=3, LaunchCount=1, WarmupCount=3)
  ManagedQueryBenchmarks.ManagedQueryAllFields: 3.3.0(Runtime=.NET 8.0, Arguments=/p:LocalBuild=false, NuGetReferences=Examine 3.3.0, IterationCount=3, LaunchCount=1, WarmupCount=3)
  ManagedQueryBenchmarks.ManagedQuerySingleField: 3.3.0(Runtime=.NET 8.0, Arguments=/p:LocalBuild=false, NuGetReferences=Examine 3.3.0, IterationCount=3, LaunchCount=1, WarmupCount=3)
  ManagedQueryBenchmarks.ManagedQueryTwoFields: 3.3.0(Runtime=.NET 8.0, Arguments=/p:LocalBuild=false, NuGetReferences=Examine 3.3.0, IterationCount=3, LaunchCount=1, WarmupCount=3)
  ManagedQueryBenchmarks.ManagedQueryThreeFields: 3.3.0(Runtime=.NET 8.0, Arguments=/p:LocalBuild=false, NuGetReferences=Examine 3.3.0, IterationCount=3, LaunchCount=1, WarmupCount=3)
  ManagedQueryBenchmarks.ManagedQueryTwoFields: Source(Runtime=.NET 8.0, IterationCount=3, LaunchCount=1, WarmupCount=3)

// * Errors *
RuntimeError
  ManagedQueryBenchmarks.ManagedQueryTwoFields: Source -> Exception during GlobalCleanup!
  ManagedQueryBenchmarks.ManagedQueryTwoFields: Source -> Could not find a part of the path '/tmp/ExamineBenchmarks'.

// * Warnings *
BaselineCustomAnalyzer
  Summary -> A question mark '?' symbol indicates that it was not possible to compute the (Ratio, RatioSD, Alloc Ratio) column(s) because the baseline value is too close to zero.

// * Hints *
HideColumnsAnalyser
  Summary -> Hidden columns: Arguments, NuGetReferences, Error, StdDev

// * Legends *
  Mean        : Arithmetic mean of all measurements
  Ratio       : Mean of the ratio distribution ([Current]/[Baseline])
  RatioSD     : Standard deviation of the ratio distribution ([Current]/[Baseline])
  Gen0        : GC Generation 0 collects per 1000 operations
  Gen1        : GC Generation 1 collects per 1000 operations
  Allocated   : Allocated memory per single operation (managed only, inclusive, 1KB = 1024B)
  Alloc Ratio : Allocated memory ratio distribution ([Current]/[Baseline])
  1 ms        : 1 Millisecond (0.001 sec)

// * Diagnostic Output - MemoryDiagnoser *


// ***** BenchmarkRunner: End *****
Run time: 00:00:32 (32.31 sec), executed benchmarks: 4

Global total time: 00:01:42 (102.44 sec), executed benchmarks: 4
// * Artifacts cleanup *
Artifacts cleanup is finished
