// Validating benchmarks:
// ***** BenchmarkRunner: Start   *****
// ***** Found 20 benchmark(s) in total *****
// ***** Building 5 exe(s) in Parallel: Start   *****
// ***** Done, took 00:00:40 (40.27 sec)   *****
// ***** Failed to build in Parallel, switching to sequential build   *****
// ***** Done, took 00:00:48 (48.67 sec)   *****
// Found 20 benchmarks:
//   ManagedQueryBenchmarks.ManagedQueryAllFields: 3.0.1(Runtime=.NET 8.0, Arguments=/p:LocalBuild=false, NuGetReferences=Examine 3.0.1, IterationCount=3, LaunchCount=1, WarmupCount=3)
//   ManagedQueryBenchmarks.ManagedQuerySingleField: 3.0.1(Runtime=.NET 8.0, Arguments=/p:LocalBuild=false, NuGetReferences=Examine 3.0.1, IterationCount=3, LaunchCount=1, WarmupCount=3)
//   ManagedQueryBenchmarks.ManagedQueryTwoFields: 3.0.1(Runtime=.NET 8.0, Arguments=/p:LocalBuild=false, NuGetReferences=Examine 3.0.1, IterationCount=3, LaunchCount=1, WarmupCount=3)
//   ManagedQueryBenchmarks.ManagedQueryThreeFields: 3.0.1(Runtime=.NET 8.0, Arguments=/p:LocalBuild=false, NuGetReferences=Examine 3.0.1, IterationCount=3, LaunchCount=1, WarmupCount=3)
//   ManagedQueryBenchmarks.ManagedQueryAllFields: 3.1.0(Runtime=.NET 8.0, Arguments=/p:LocalBuild=false, NuGetReferences=Examine 3.1.0, IterationCount=3, LaunchCount=1, WarmupCount=3)
//   ManagedQueryBenchmarks.ManagedQuerySingleField: 3.1.0(Runtime=.NET 8.0, Arguments=/p:LocalBuild=false, NuGetReferences=Examine 3.1.0, IterationCount=3, LaunchCount=1, WarmupCount=3)
//   ManagedQueryBenchmarks.ManagedQueryTwoFields: 3.1.0(Runtime=.NET 8.0, Arguments=/p:LocalBuild=false, NuGetReferences=Examine 3.1.0, IterationCount=3, LaunchCount=1, WarmupCount=3)
//   ManagedQueryBenchmarks.ManagedQueryThreeFields: 3.1.0(Runtime=.NET 8.0, Arguments=/p:LocalBuild=false, NuGetReferences=Examine 3.1.0, IterationCount=3, LaunchCount=1, WarmupCount=3)
//   ManagedQueryBenchmarks.ManagedQueryAllFields: 3.2.1(Runtime=.NET 8.0, Arguments=/p:LocalBuild=false, NuGetReferences=Examine 3.2.1, IterationCount=3, LaunchCount=1, WarmupCount=3)
//   ManagedQueryBenchmarks.ManagedQuerySingleField: 3.2.1(Runtime=.NET 8.0, Arguments=/p:LocalBuild=false, NuGetReferences=Examine 3.2.1, IterationCount=3, LaunchCount=1, WarmupCount=3)
//   ManagedQueryBenchmarks.ManagedQueryTwoFields: 3.2.1(Runtime=.NET 8.0, Arguments=/p:LocalBuild=false, NuGetReferences=Examine 3.2.1, IterationCount=3, LaunchCount=1, WarmupCount=3)
//   ManagedQueryBenchmarks.ManagedQueryThreeFields: 3.2.1(Runtime=.NET 8.0, Arguments=/p:LocalBuild=false, NuGetReferences=Examine 3.2.1, IterationCount=3, LaunchCount=1, WarmupCount=3)
//   ManagedQueryBenchmarks.ManagedQueryAllFields: 3.3.0(Runtime=.NET 8.0, Arguments=/p:LocalBuild=false, NuGetReferences=Examine 3.3.0, IterationCount=3, LaunchCount=1, WarmupCount=3)
//   ManagedQueryBenchmarks.ManagedQuerySingleField: 3.3.0(Runtime=.NET 8.0, Arguments=/p:LocalBuild=false, NuGetReferences=Examine 3.3.0, IterationCount=3, LaunchCount=1, WarmupCount=3)
//   ManagedQueryBenchmarks.ManagedQueryTwoFields: 3.3.0(Runtime=.NET 8.0, Arguments=/p:LocalBuild=false, NuGetReferences=Examine 3.3.0, IterationCount=3, LaunchCount=1, WarmupCount=3)
//   ManagedQueryBenchmarks.ManagedQueryThreeFields: 3.3.0(Runtime=.NET 8.0, Arguments=/p:LocalBuild=false, NuGetReferences=Examine 3.3.0, IterationCount=3, LaunchCount=1, WarmupCount=3)
//   ManagedQueryBenchmarks.ManagedQueryAllFields: Source(Runtime=.NET 8.0, IterationCount=3, LaunchCount=1, WarmupCount=3)
//   ManagedQueryBenchmarks.ManagedQuerySingleField: Source(Runtime=.NET 8.0, IterationCount=3, LaunchCount=1, WarmupCount=3)
//   ManagedQueryBenchmarks.ManagedQueryTwoFields: Source(Runtime=.NET 8.0, IterationCount=3, LaunchCount=1, WarmupCount=3)
//   ManagedQueryBenchmarks.ManagedQueryThreeFields: Source(Runtime=.NET 8.0, IterationCount=3, LaunchCount=1, WarmupCount=3)

// Build Error: Standard output: 
  
 Standard error: 
 /home/runner/work/Examine/Examine/src/Examine.Benchmarks/ExamineBaseTest.cs(38,44): error CS1729: 'GenericDirectoryFactory' does not contain a constructor that takes 2 arguments [/home/runner/work/Examine/Examine/src/Examine.Benchmarks/Examine.Benchmarks.csproj::TargetFramework=net8.0]
Build FAILED.
/home/runner/work/Examine/Examine/src/Examine.Benchmarks/ExamineBaseTest.cs(38,44): error CS1729: 'GenericDirectoryFactory' does not contain a constructor that takes 2 arguments [/home/runner/work/Examine/Examine/src/Examine.Benchmarks/Examine.Benchmarks.csproj::TargetFramework=net8.0]
    0 Warning(s)
    1 Error(s)
Time Elapsed 00:00:05.83

// BenchmarkDotNet has failed to build the auto-generated boilerplate code.
// It can be found in /home/runner/work/Examine/Examine/src/Examine.Benchmarks/bin/Release/net8.0/6ea743be-63d0-4044-8d4c-65c9650855d5
// Please follow the troubleshooting guide: https://benchmarkdotnet.org/articles/guides/troubleshooting.html

// ** Remained 19 (95.0 %) benchmark(s) to run. Estimated finish 2026-06-30 17:42 (0h 0m from now) **
// Build Error: Standard output: 
  
 Standard error: 
 /home/runner/work/Examine/Examine/src/Examine.Benchmarks/ExamineBaseTest.cs(38,44): error CS1729: 'GenericDirectoryFactory' does not contain a constructor that takes 2 arguments [/home/runner/work/Examine/Examine/src/Examine.Benchmarks/Examine.Benchmarks.csproj::TargetFramework=net8.0]
Build FAILED.
/home/runner/work/Examine/Examine/src/Examine.Benchmarks/ExamineBaseTest.cs(38,44): error CS1729: 'GenericDirectoryFactory' does not contain a constructor that takes 2 arguments [/home/runner/work/Examine/Examine/src/Examine.Benchmarks/Examine.Benchmarks.csproj::TargetFramework=net8.0]
    0 Warning(s)
    1 Error(s)
Time Elapsed 00:00:05.83

// BenchmarkDotNet has failed to build the auto-generated boilerplate code.
// It can be found in /home/runner/work/Examine/Examine/src/Examine.Benchmarks/bin/Release/net8.0/6ea743be-63d0-4044-8d4c-65c9650855d5
// Please follow the troubleshooting guide: https://benchmarkdotnet.org/articles/guides/troubleshooting.html

// ** Remained 18 (90.0 %) benchmark(s) to run. Estimated finish 2026-06-30 17:42 (0h 0m from now) **
// Build Error: Standard output: 
  
 Standard error: 
 /home/runner/work/Examine/Examine/src/Examine.Benchmarks/ExamineBaseTest.cs(38,44): error CS1729: 'GenericDirectoryFactory' does not contain a constructor that takes 2 arguments [/home/runner/work/Examine/Examine/src/Examine.Benchmarks/Examine.Benchmarks.csproj::TargetFramework=net8.0]
Build FAILED.
/home/runner/work/Examine/Examine/src/Examine.Benchmarks/ExamineBaseTest.cs(38,44): error CS1729: 'GenericDirectoryFactory' does not contain a constructor that takes 2 arguments [/home/runner/work/Examine/Examine/src/Examine.Benchmarks/Examine.Benchmarks.csproj::TargetFramework=net8.0]
    0 Warning(s)
    1 Error(s)
Time Elapsed 00:00:05.83

// BenchmarkDotNet has failed to build the auto-generated boilerplate code.
// It can be found in /home/runner/work/Examine/Examine/src/Examine.Benchmarks/bin/Release/net8.0/6ea743be-63d0-4044-8d4c-65c9650855d5
// Please follow the troubleshooting guide: https://benchmarkdotnet.org/articles/guides/troubleshooting.html

// ** Remained 17 (85.0 %) benchmark(s) to run. Estimated finish 2026-06-30 17:42 (0h 0m from now) **
// Build Error: Standard output: 
  
 Standard error: 
 /home/runner/work/Examine/Examine/src/Examine.Benchmarks/ExamineBaseTest.cs(38,44): error CS1729: 'GenericDirectoryFactory' does not contain a constructor that takes 2 arguments [/home/runner/work/Examine/Examine/src/Examine.Benchmarks/Examine.Benchmarks.csproj::TargetFramework=net8.0]
Build FAILED.
/home/runner/work/Examine/Examine/src/Examine.Benchmarks/ExamineBaseTest.cs(38,44): error CS1729: 'GenericDirectoryFactory' does not contain a constructor that takes 2 arguments [/home/runner/work/Examine/Examine/src/Examine.Benchmarks/Examine.Benchmarks.csproj::TargetFramework=net8.0]
    0 Warning(s)
    1 Error(s)
Time Elapsed 00:00:05.83

// BenchmarkDotNet has failed to build the auto-generated boilerplate code.
// It can be found in /home/runner/work/Examine/Examine/src/Examine.Benchmarks/bin/Release/net8.0/6ea743be-63d0-4044-8d4c-65c9650855d5
// Please follow the troubleshooting guide: https://benchmarkdotnet.org/articles/guides/troubleshooting.html

// ** Remained 16 (80.0 %) benchmark(s) to run. Estimated finish 2026-06-30 17:42 (0h 0m from now) **
// Build Error: Standard output: 
  
 Standard error: 
 /home/runner/work/Examine/Examine/src/Examine.Benchmarks/ExamineBaseTest.cs(38,44): error CS1729: 'GenericDirectoryFactory' does not contain a constructor that takes 2 arguments [/home/runner/work/Examine/Examine/src/Examine.Benchmarks/Examine.Benchmarks.csproj::TargetFramework=net8.0]
Build FAILED.
/home/runner/work/Examine/Examine/src/Examine.Benchmarks/ExamineBaseTest.cs(38,44): error CS1729: 'GenericDirectoryFactory' does not contain a constructor that takes 2 arguments [/home/runner/work/Examine/Examine/src/Examine.Benchmarks/Examine.Benchmarks.csproj::TargetFramework=net8.0]
    0 Warning(s)
    1 Error(s)
Time Elapsed 00:00:03.14

// BenchmarkDotNet has failed to build the auto-generated boilerplate code.
// It can be found in /home/runner/work/Examine/Examine/src/Examine.Benchmarks/bin/Release/net8.0/003f06d3-cf88-453b-8649-e73f5cff98c3
// Please follow the troubleshooting guide: https://benchmarkdotnet.org/articles/guides/troubleshooting.html

// ** Remained 15 (75.0 %) benchmark(s) to run. Estimated finish 2026-06-30 17:42 (0h 0m from now) **
// Build Error: Standard output: 
  
 Standard error: 
 /home/runner/work/Examine/Examine/src/Examine.Benchmarks/ExamineBaseTest.cs(38,44): error CS1729: 'GenericDirectoryFactory' does not contain a constructor that takes 2 arguments [/home/runner/work/Examine/Examine/src/Examine.Benchmarks/Examine.Benchmarks.csproj::TargetFramework=net8.0]
Build FAILED.
/home/runner/work/Examine/Examine/src/Examine.Benchmarks/ExamineBaseTest.cs(38,44): error CS1729: 'GenericDirectoryFactory' does not contain a constructor that takes 2 arguments [/home/runner/work/Examine/Examine/src/Examine.Benchmarks/Examine.Benchmarks.csproj::TargetFramework=net8.0]
    0 Warning(s)
    1 Error(s)
Time Elapsed 00:00:03.14

// BenchmarkDotNet has failed to build the auto-generated boilerplate code.
// It can be found in /home/runner/work/Examine/Examine/src/Examine.Benchmarks/bin/Release/net8.0/003f06d3-cf88-453b-8649-e73f5cff98c3
// Please follow the troubleshooting guide: https://benchmarkdotnet.org/articles/guides/troubleshooting.html

// ** Remained 14 (70.0 %) benchmark(s) to run. Estimated finish 2026-06-30 17:42 (0h 0m from now) **
// Build Error: Standard output: 
  
 Standard error: 
 /home/runner/work/Examine/Examine/src/Examine.Benchmarks/ExamineBaseTest.cs(38,44): error CS1729: 'GenericDirectoryFactory' does not contain a constructor that takes 2 arguments [/home/runner/work/Examine/Examine/src/Examine.Benchmarks/Examine.Benchmarks.csproj::TargetFramework=net8.0]
Build FAILED.
/home/runner/work/Examine/Examine/src/Examine.Benchmarks/ExamineBaseTest.cs(38,44): error CS1729: 'GenericDirectoryFactory' does not contain a constructor that takes 2 arguments [/home/runner/work/Examine/Examine/src/Examine.Benchmarks/Examine.Benchmarks.csproj::TargetFramework=net8.0]
    0 Warning(s)
    1 Error(s)
Time Elapsed 00:00:03.14

// BenchmarkDotNet has failed to build the auto-generated boilerplate code.
// It can be found in /home/runner/work/Examine/Examine/src/Examine.Benchmarks/bin/Release/net8.0/003f06d3-cf88-453b-8649-e73f5cff98c3
// Please follow the troubleshooting guide: https://benchmarkdotnet.org/articles/guides/troubleshooting.html

// ** Remained 13 (65.0 %) benchmark(s) to run. Estimated finish 2026-06-30 17:42 (0h 0m from now) **
// Build Error: Standard output: 
  
 Standard error: 
 /home/runner/work/Examine/Examine/src/Examine.Benchmarks/ExamineBaseTest.cs(38,44): error CS1729: 'GenericDirectoryFactory' does not contain a constructor that takes 2 arguments [/home/runner/work/Examine/Examine/src/Examine.Benchmarks/Examine.Benchmarks.csproj::TargetFramework=net8.0]
Build FAILED.
/home/runner/work/Examine/Examine/src/Examine.Benchmarks/ExamineBaseTest.cs(38,44): error CS1729: 'GenericDirectoryFactory' does not contain a constructor that takes 2 arguments [/home/runner/work/Examine/Examine/src/Examine.Benchmarks/Examine.Benchmarks.csproj::TargetFramework=net8.0]
    0 Warning(s)
    1 Error(s)
Time Elapsed 00:00:03.14

// BenchmarkDotNet has failed to build the auto-generated boilerplate code.
// It can be found in /home/runner/work/Examine/Examine/src/Examine.Benchmarks/bin/Release/net8.0/003f06d3-cf88-453b-8649-e73f5cff98c3
// Please follow the troubleshooting guide: https://benchmarkdotnet.org/articles/guides/troubleshooting.html

// ** Remained 12 (60.0 %) benchmark(s) to run. Estimated finish 2026-06-30 17:42 (0h 0m from now) **
// Build Error: Standard output: 
  
 Standard error: 
 /home/runner/work/Examine/Examine/src/Examine.Benchmarks/ExamineBaseTest.cs(38,44): error CS1729: 'GenericDirectoryFactory' does not contain a constructor that takes 2 arguments [/home/runner/work/Examine/Examine/src/Examine.Benchmarks/Examine.Benchmarks.csproj::TargetFramework=net8.0]
Build FAILED.
/home/runner/work/Examine/Examine/src/Examine.Benchmarks/ExamineBaseTest.cs(38,44): error CS1729: 'GenericDirectoryFactory' does not contain a constructor that takes 2 arguments [/home/runner/work/Examine/Examine/src/Examine.Benchmarks/Examine.Benchmarks.csproj::TargetFramework=net8.0]
    0 Warning(s)
    1 Error(s)
Time Elapsed 00:00:03.12

// BenchmarkDotNet has failed to build the auto-generated boilerplate code.
// It can be found in /home/runner/work/Examine/Examine/src/Examine.Benchmarks/bin/Release/net8.0/5746b874-344b-4a75-be64-fd7982574fbf
// Please follow the troubleshooting guide: https://benchmarkdotnet.org/articles/guides/troubleshooting.html

// ** Remained 11 (55.0 %) benchmark(s) to run. Estimated finish 2026-06-30 17:42 (0h 0m from now) **
// Build Error: Standard output: 
  
 Standard error: 
 /home/runner/work/Examine/Examine/src/Examine.Benchmarks/ExamineBaseTest.cs(38,44): error CS1729: 'GenericDirectoryFactory' does not contain a constructor that takes 2 arguments [/home/runner/work/Examine/Examine/src/Examine.Benchmarks/Examine.Benchmarks.csproj::TargetFramework=net8.0]
Build FAILED.
/home/runner/work/Examine/Examine/src/Examine.Benchmarks/ExamineBaseTest.cs(38,44): error CS1729: 'GenericDirectoryFactory' does not contain a constructor that takes 2 arguments [/home/runner/work/Examine/Examine/src/Examine.Benchmarks/Examine.Benchmarks.csproj::TargetFramework=net8.0]
    0 Warning(s)
    1 Error(s)
Time Elapsed 00:00:03.12

// BenchmarkDotNet has failed to build the auto-generated boilerplate code.
// It can be found in /home/runner/work/Examine/Examine/src/Examine.Benchmarks/bin/Release/net8.0/5746b874-344b-4a75-be64-fd7982574fbf
// Please follow the troubleshooting guide: https://benchmarkdotnet.org/articles/guides/troubleshooting.html

// ** Remained 10 (50.0 %) benchmark(s) to run. Estimated finish 2026-06-30 17:42 (0h 0m from now) **
// Build Error: Standard output: 
  
 Standard error: 
 /home/runner/work/Examine/Examine/src/Examine.Benchmarks/ExamineBaseTest.cs(38,44): error CS1729: 'GenericDirectoryFactory' does not contain a constructor that takes 2 arguments [/home/runner/work/Examine/Examine/src/Examine.Benchmarks/Examine.Benchmarks.csproj::TargetFramework=net8.0]
Build FAILED.
/home/runner/work/Examine/Examine/src/Examine.Benchmarks/ExamineBaseTest.cs(38,44): error CS1729: 'GenericDirectoryFactory' does not contain a constructor that takes 2 arguments [/home/runner/work/Examine/Examine/src/Examine.Benchmarks/Examine.Benchmarks.csproj::TargetFramework=net8.0]
    0 Warning(s)
    1 Error(s)
Time Elapsed 00:00:03.12

// BenchmarkDotNet has failed to build the auto-generated boilerplate code.
// It can be found in /home/runner/work/Examine/Examine/src/Examine.Benchmarks/bin/Release/net8.0/5746b874-344b-4a75-be64-fd7982574fbf
// Please follow the troubleshooting guide: https://benchmarkdotnet.org/articles/guides/troubleshooting.html

// ** Remained 9 (45.0 %) benchmark(s) to run. Estimated finish 2026-06-30 17:42 (0h 0m from now) **
// Build Error: Standard output: 
  
 Standard error: 
 /home/runner/work/Examine/Examine/src/Examine.Benchmarks/ExamineBaseTest.cs(38,44): error CS1729: 'GenericDirectoryFactory' does not contain a constructor that takes 2 arguments [/home/runner/work/Examine/Examine/src/Examine.Benchmarks/Examine.Benchmarks.csproj::TargetFramework=net8.0]
Build FAILED.
/home/runner/work/Examine/Examine/src/Examine.Benchmarks/ExamineBaseTest.cs(38,44): error CS1729: 'GenericDirectoryFactory' does not contain a constructor that takes 2 arguments [/home/runner/work/Examine/Examine/src/Examine.Benchmarks/Examine.Benchmarks.csproj::TargetFramework=net8.0]
    0 Warning(s)
    1 Error(s)
Time Elapsed 00:00:03.12

// BenchmarkDotNet has failed to build the auto-generated boilerplate code.
// It can be found in /home/runner/work/Examine/Examine/src/Examine.Benchmarks/bin/Release/net8.0/5746b874-344b-4a75-be64-fd7982574fbf
// Please follow the troubleshooting guide: https://benchmarkdotnet.org/articles/guides/troubleshooting.html

// ** Remained 8 (40.0 %) benchmark(s) to run. Estimated finish 2026-06-30 17:42 (0h 0m from now) **
// Build Error: Standard output: 
  
 Standard error: 
 /home/runner/work/Examine/Examine/src/Examine.Benchmarks/ExamineBaseTest.cs(38,44): error CS1729: 'GenericDirectoryFactory' does not contain a constructor that takes 2 arguments [/home/runner/work/Examine/Examine/src/Examine.Benchmarks/Examine.Benchmarks.csproj::TargetFramework=net8.0]
Build FAILED.
/home/runner/work/Examine/Examine/src/Examine.Benchmarks/ExamineBaseTest.cs(38,44): error CS1729: 'GenericDirectoryFactory' does not contain a constructor that takes 2 arguments [/home/runner/work/Examine/Examine/src/Examine.Benchmarks/Examine.Benchmarks.csproj::TargetFramework=net8.0]
    0 Warning(s)
    1 Error(s)
Time Elapsed 00:00:03.17

// BenchmarkDotNet has failed to build the auto-generated boilerplate code.
// It can be found in /home/runner/work/Examine/Examine/src/Examine.Benchmarks/bin/Release/net8.0/b94b96f0-7973-41c4-aa47-8852531ae0cb
// Please follow the troubleshooting guide: https://benchmarkdotnet.org/articles/guides/troubleshooting.html

// ** Remained 7 (35.0 %) benchmark(s) to run. Estimated finish 2026-06-30 17:42 (0h 0m from now) **
// Build Error: Standard output: 
  
 Standard error: 
 /home/runner/work/Examine/Examine/src/Examine.Benchmarks/ExamineBaseTest.cs(38,44): error CS1729: 'GenericDirectoryFactory' does not contain a constructor that takes 2 arguments [/home/runner/work/Examine/Examine/src/Examine.Benchmarks/Examine.Benchmarks.csproj::TargetFramework=net8.0]
Build FAILED.
/home/runner/work/Examine/Examine/src/Examine.Benchmarks/ExamineBaseTest.cs(38,44): error CS1729: 'GenericDirectoryFactory' does not contain a constructor that takes 2 arguments [/home/runner/work/Examine/Examine/src/Examine.Benchmarks/Examine.Benchmarks.csproj::TargetFramework=net8.0]
    0 Warning(s)
    1 Error(s)
Time Elapsed 00:00:03.17

// BenchmarkDotNet has failed to build the auto-generated boilerplate code.
// It can be found in /home/runner/work/Examine/Examine/src/Examine.Benchmarks/bin/Release/net8.0/b94b96f0-7973-41c4-aa47-8852531ae0cb
// Please follow the troubleshooting guide: https://benchmarkdotnet.org/articles/guides/troubleshooting.html

// ** Remained 6 (30.0 %) benchmark(s) to run. Estimated finish 2026-06-30 17:42 (0h 0m from now) **
// Build Error: Standard output: 
  
 Standard error: 
 /home/runner/work/Examine/Examine/src/Examine.Benchmarks/ExamineBaseTest.cs(38,44): error CS1729: 'GenericDirectoryFactory' does not contain a constructor that takes 2 arguments [/home/runner/work/Examine/Examine/src/Examine.Benchmarks/Examine.Benchmarks.csproj::TargetFramework=net8.0]
Build FAILED.
/home/runner/work/Examine/Examine/src/Examine.Benchmarks/ExamineBaseTest.cs(38,44): error CS1729: 'GenericDirectoryFactory' does not contain a constructor that takes 2 arguments [/home/runner/work/Examine/Examine/src/Examine.Benchmarks/Examine.Benchmarks.csproj::TargetFramework=net8.0]
    0 Warning(s)
    1 Error(s)
Time Elapsed 00:00:03.17

// BenchmarkDotNet has failed to build the auto-generated boilerplate code.
// It can be found in /home/runner/work/Examine/Examine/src/Examine.Benchmarks/bin/Release/net8.0/b94b96f0-7973-41c4-aa47-8852531ae0cb
// Please follow the troubleshooting guide: https://benchmarkdotnet.org/articles/guides/troubleshooting.html

// ** Remained 5 (25.0 %) benchmark(s) to run. Estimated finish 2026-06-30 17:42 (0h 0m from now) **
// Build Error: Standard output: 
  
 Standard error: 
 /home/runner/work/Examine/Examine/src/Examine.Benchmarks/ExamineBaseTest.cs(38,44): error CS1729: 'GenericDirectoryFactory' does not contain a constructor that takes 2 arguments [/home/runner/work/Examine/Examine/src/Examine.Benchmarks/Examine.Benchmarks.csproj::TargetFramework=net8.0]
Build FAILED.
/home/runner/work/Examine/Examine/src/Examine.Benchmarks/ExamineBaseTest.cs(38,44): error CS1729: 'GenericDirectoryFactory' does not contain a constructor that takes 2 arguments [/home/runner/work/Examine/Examine/src/Examine.Benchmarks/Examine.Benchmarks.csproj::TargetFramework=net8.0]
    0 Warning(s)
    1 Error(s)
Time Elapsed 00:00:03.17

// BenchmarkDotNet has failed to build the auto-generated boilerplate code.
// It can be found in /home/runner/work/Examine/Examine/src/Examine.Benchmarks/bin/Release/net8.0/b94b96f0-7973-41c4-aa47-8852531ae0cb
// Please follow the troubleshooting guide: https://benchmarkdotnet.org/articles/guides/troubleshooting.html

// ** Remained 4 (20.0 %) benchmark(s) to run. Estimated finish 2026-06-30 17:42 (0h 0m from now) **
// **************************
// Benchmark: ManagedQueryBenchmarks.ManagedQueryAllFields: Source(Runtime=.NET 8.0, IterationCount=3, LaunchCount=1, WarmupCount=3)
// *** Execute ***
// Launch: 1 / 1
// Execute: dotnet 86cfccee-87e9-4020-a98a-c599fba73397.dll --anonymousPipes 112 114 --benchmarkName Examine.Benchmarks.ManagedQueryBenchmarks.ManagedQueryAllFields --job Source --benchmarkId 0 in /home/runner/work/Examine/Examine/src/Examine.Benchmarks/bin/Release/net8.0/86cfccee-87e9-4020-a98a-c599fba73397/bin/Release/net8.0
// Failed to set up high priority (Permission denied). In order to run benchmarks with high priority, make sure you have the right permissions.
// BeforeAnythingElse

// Benchmark Process Environment Information:
// BenchmarkDotNet v0.14.0
// Runtime=.NET 8.0.28 (8.0.2826.26413), X64 RyuJIT AVX2
// GC=Concurrent Workstation
// HardwareIntrinsics=AVX2,AES,BMI1,BMI2,FMA,LZCNT,PCLMUL,POPCNT VectorSize=256
// Job: Source(IterationCount=3, LaunchCount=1, WarmupCount=3)

info: Examine.Benchmarks.ManagedQueryBenchmarks[0]
      ManagedQuery benchmark index ready with 1000 docs
OverheadJitting  1: 1 op, 285884.00 ns, 285.8840 us/op
WorkloadJitting  1: 1 op, 64107784.00 ns, 64.1078 ms/op

WorkloadPilot    1: 2 op, 31759457.00 ns, 15.8797 ms/op
WorkloadPilot    2: 3 op, 39482544.00 ns, 13.1608 ms/op
WorkloadPilot    3: 4 op, 69657433.00 ns, 17.4144 ms/op
WorkloadPilot    4: 5 op, 71429032.00 ns, 14.2858 ms/op
WorkloadPilot    5: 6 op, 81272987.00 ns, 13.5455 ms/op
WorkloadPilot    6: 7 op, 119840042.00 ns, 17.1200 ms/op
WorkloadPilot    7: 8 op, 131369204.00 ns, 16.4212 ms/op
WorkloadPilot    8: 9 op, 84493709.00 ns, 9.3882 ms/op
WorkloadPilot    9: 10 op, 111860416.00 ns, 11.1860 ms/op
WorkloadPilot   10: 11 op, 80707621.00 ns, 7.3371 ms/op
WorkloadPilot   11: 12 op, 48925602.00 ns, 4.0771 ms/op
WorkloadPilot   12: 13 op, 47417006.00 ns, 3.6475 ms/op
WorkloadPilot   13: 14 op, 45346789.00 ns, 3.2391 ms/op
WorkloadPilot   14: 15 op, 62041717.00 ns, 4.1361 ms/op
WorkloadPilot   15: 16 op, 59489472.00 ns, 3.7181 ms/op
WorkloadPilot   16: 32 op, 84728412.00 ns, 2.6478 ms/op
WorkloadPilot   17: 64 op, 180835315.00 ns, 2.8256 ms/op
WorkloadPilot   18: 128 op, 288030405.00 ns, 2.2502 ms/op
WorkloadPilot   19: 256 op, 591585568.00 ns, 2.3109 ms/op

WorkloadWarmup   1: 256 op, 624710199.00 ns, 2.4403 ms/op
WorkloadWarmup   2: 256 op, 793825295.00 ns, 3.1009 ms/op
WorkloadWarmup   3: 256 op, 769778171.00 ns, 3.0069 ms/op

// BeforeActualRun
WorkloadActual   1: 256 op, 676844724.00 ns, 2.6439 ms/op
WorkloadActual   2: 256 op, 642528482.00 ns, 2.5099 ms/op
WorkloadActual   3: 256 op, 648241016.00 ns, 2.5322 ms/op

// AfterActualRun
WorkloadResult   1: 256 op, 676844724.00 ns, 2.6439 ms/op
WorkloadResult   2: 256 op, 642528482.00 ns, 2.5099 ms/op
WorkloadResult   3: 256 op, 648241016.00 ns, 2.5322 ms/op
// GC:  5 2 0 97477504 256
// Threading:  0 0 256
// Exceptions:  1

// AfterAll
// Benchmark Process 8272 has exited with code 0.

Mean = 2.562 ms, StdErr = 0.041 ms (1.62%), N = 3, StdDev = 0.072 ms
Min = 2.510 ms, Q1 = 2.521 ms, Median = 2.532 ms, Q3 = 2.588 ms, Max = 2.644 ms
IQR = 0.067 ms, LowerFence = 2.420 ms, UpperFence = 2.689 ms
ConfidenceInterval = [1.252 ms; 3.872 ms] (CI 99.9%), Margin = 1.310 ms (51.14% of Mean)
Skewness = 0.34, Kurtosis = 0.67, MValue = 2

// ** Remained 3 (15.0 %) benchmark(s) to run. Estimated finish 2026-06-30 17:42 (0h 0m from now) **
// **************************
// Benchmark: ManagedQueryBenchmarks.ManagedQuerySingleField: Source(Runtime=.NET 8.0, IterationCount=3, LaunchCount=1, WarmupCount=3)
// *** Execute ***
// Launch: 1 / 1
// Execute: dotnet 86cfccee-87e9-4020-a98a-c599fba73397.dll --anonymousPipes 115 116 --benchmarkName Examine.Benchmarks.ManagedQueryBenchmarks.ManagedQuerySingleField --job Source --benchmarkId 1 in /home/runner/work/Examine/Examine/src/Examine.Benchmarks/bin/Release/net8.0/86cfccee-87e9-4020-a98a-c599fba73397/bin/Release/net8.0
// Failed to set up high priority (Permission denied). In order to run benchmarks with high priority, make sure you have the right permissions.
// BeforeAnythingElse

// Benchmark Process Environment Information:
// BenchmarkDotNet v0.14.0
// Runtime=.NET 8.0.28 (8.0.2826.26413), X64 RyuJIT AVX2
// GC=Concurrent Workstation
// HardwareIntrinsics=AVX2,AES,BMI1,BMI2,FMA,LZCNT,PCLMUL,POPCNT VectorSize=256
// Job: Source(IterationCount=3, LaunchCount=1, WarmupCount=3)

info: Examine.Benchmarks.ManagedQueryBenchmarks[0]
      ManagedQuery benchmark index ready with 1000 docs
OverheadJitting  1: 1 op, 339965.00 ns, 339.9650 us/op
WorkloadJitting  1: 1 op, 57769552.00 ns, 57.7696 ms/op

WorkloadPilot    1: 2 op, 36293211.00 ns, 18.1466 ms/op
WorkloadPilot    2: 3 op, 39898821.00 ns, 13.2996 ms/op
WorkloadPilot    3: 4 op, 52067999.00 ns, 13.0170 ms/op
WorkloadPilot    4: 5 op, 70977908.00 ns, 14.1956 ms/op
WorkloadPilot    5: 6 op, 119564820.00 ns, 19.9275 ms/op
WorkloadPilot    6: 7 op, 118730973.00 ns, 16.9616 ms/op
WorkloadPilot    7: 8 op, 53786106.00 ns, 6.7233 ms/op
WorkloadPilot    8: 9 op, 39113576.00 ns, 4.3460 ms/op
WorkloadPilot    9: 10 op, 40250107.00 ns, 4.0250 ms/op
WorkloadPilot   10: 11 op, 25392182.00 ns, 2.3084 ms/op
WorkloadPilot   11: 12 op, 27651278.00 ns, 2.3043 ms/op
WorkloadPilot   12: 13 op, 30019860.00 ns, 2.3092 ms/op
WorkloadPilot   13: 14 op, 49911001.00 ns, 3.5651 ms/op
WorkloadPilot   14: 15 op, 60320154.00 ns, 4.0213 ms/op
WorkloadPilot   15: 16 op, 63474001.00 ns, 3.9671 ms/op
WorkloadPilot   16: 32 op, 127658126.00 ns, 3.9893 ms/op
WorkloadPilot   17: 64 op, 206586106.00 ns, 3.2279 ms/op
WorkloadPilot   18: 128 op, 437354855.00 ns, 3.4168 ms/op
WorkloadPilot   19: 256 op, 652245083.00 ns, 2.5478 ms/op

WorkloadWarmup   1: 256 op, 567305612.00 ns, 2.2160 ms/op
WorkloadWarmup   2: 256 op, 563257225.00 ns, 2.2002 ms/op
WorkloadWarmup   3: 256 op, 566317577.00 ns, 2.2122 ms/op

// BeforeActualRun
WorkloadActual   1: 256 op, 580545888.00 ns, 2.2678 ms/op
WorkloadActual   2: 256 op, 586972155.00 ns, 2.2929 ms/op
WorkloadActual   3: 256 op, 575359756.00 ns, 2.2475 ms/op

// AfterActualRun
WorkloadResult   1: 256 op, 580545888.00 ns, 2.2678 ms/op
WorkloadResult   2: 256 op, 586972155.00 ns, 2.2929 ms/op
WorkloadResult   3: 256 op, 575359756.00 ns, 2.2475 ms/op
// GC:  4 1 0 80343624 256
// Threading:  0 0 256
// Exceptions:  1

// AfterAll
// Benchmark Process 8444 has exited with code 0.

Mean = 2.269 ms, StdErr = 0.013 ms (0.58%), N = 3, StdDev = 0.023 ms
Min = 2.247 ms, Q1 = 2.258 ms, Median = 2.268 ms, Q3 = 2.280 ms, Max = 2.293 ms
IQR = 0.023 ms, LowerFence = 2.224 ms, UpperFence = 2.314 ms
ConfidenceInterval = [1.855 ms; 2.684 ms] (CI 99.9%), Margin = 0.415 ms (18.27% of Mean)
Skewness = 0.07, Kurtosis = 0.67, MValue = 2

// ** Remained 2 (10.0 %) benchmark(s) to run. Estimated finish 2026-06-30 17:42 (0h 0m from now) **
// **************************
// Benchmark: ManagedQueryBenchmarks.ManagedQueryTwoFields: Source(Runtime=.NET 8.0, IterationCount=3, LaunchCount=1, WarmupCount=3)
// *** Execute ***
// Launch: 1 / 1
// Execute: dotnet 86cfccee-87e9-4020-a98a-c599fba73397.dll --anonymousPipes 115 116 --benchmarkName Examine.Benchmarks.ManagedQueryBenchmarks.ManagedQueryTwoFields --job Source --benchmarkId 2 in /home/runner/work/Examine/Examine/src/Examine.Benchmarks/bin/Release/net8.0/86cfccee-87e9-4020-a98a-c599fba73397/bin/Release/net8.0
// Failed to set up high priority (Permission denied). In order to run benchmarks with high priority, make sure you have the right permissions.
// BeforeAnythingElse

// Benchmark Process Environment Information:
// BenchmarkDotNet v0.14.0
// Runtime=.NET 8.0.28 (8.0.2826.26413), X64 RyuJIT AVX2
// GC=Concurrent Workstation
// HardwareIntrinsics=AVX2,AES,BMI1,BMI2,FMA,LZCNT,PCLMUL,POPCNT VectorSize=256
// Job: Source(IterationCount=3, LaunchCount=1, WarmupCount=3)

info: Examine.Benchmarks.ManagedQueryBenchmarks[0]
      ManagedQuery benchmark index ready with 1000 docs
OverheadJitting  1: 1 op, 308757.00 ns, 308.7570 us/op
WorkloadJitting  1: 1 op, 55410417.00 ns, 55.4104 ms/op

WorkloadPilot    1: 2 op, 25811955.00 ns, 12.9060 ms/op
WorkloadPilot    2: 3 op, 37310690.00 ns, 12.4369 ms/op
WorkloadPilot    3: 4 op, 49359432.00 ns, 12.3399 ms/op
WorkloadPilot    4: 5 op, 62614286.00 ns, 12.5229 ms/op
WorkloadPilot    5: 6 op, 90115183.00 ns, 15.0192 ms/op
WorkloadPilot    6: 7 op, 118084313.00 ns, 16.8692 ms/op
WorkloadPilot    7: 8 op, 80757409.00 ns, 10.0947 ms/op
WorkloadPilot    8: 9 op, 57875665.00 ns, 6.4306 ms/op
WorkloadPilot    9: 10 op, 55735330.00 ns, 5.5735 ms/op
WorkloadPilot   10: 11 op, 58744548.00 ns, 5.3404 ms/op
WorkloadPilot   11: 12 op, 31435049.00 ns, 2.6196 ms/op
WorkloadPilot   12: 13 op, 31521822.00 ns, 2.4248 ms/op
WorkloadPilot   13: 14 op, 32857354.00 ns, 2.3470 ms/op
WorkloadPilot   14: 15 op, 35227218.00 ns, 2.3485 ms/op
WorkloadPilot   15: 16 op, 36817166.00 ns, 2.3011 ms/op
WorkloadPilot   16: 32 op, 76358377.00 ns, 2.3862 ms/op
WorkloadPilot   17: 64 op, 148806384.00 ns, 2.3251 ms/op
WorkloadPilot   18: 128 op, 286937021.00 ns, 2.2417 ms/op
WorkloadPilot   19: 256 op, 569492734.00 ns, 2.2246 ms/op

WorkloadWarmup   1: 256 op, 607393483.00 ns, 2.3726 ms/op
WorkloadWarmup   2: 256 op, 565475014.00 ns, 2.2089 ms/op
WorkloadWarmup   3: 256 op, 566299312.00 ns, 2.2121 ms/op

// BeforeActualRun
WorkloadActual   1: 256 op, 570190426.00 ns, 2.2273 ms/op
WorkloadActual   2: 256 op, 570894169.00 ns, 2.2301 ms/op
WorkloadActual   3: 256 op, 571494230.00 ns, 2.2324 ms/op

// AfterActualRun
WorkloadResult   1: 256 op, 570190426.00 ns, 2.2273 ms/op
WorkloadResult   2: 256 op, 570894169.00 ns, 2.2301 ms/op
WorkloadResult   3: 256 op, 571494230.00 ns, 2.2324 ms/op
// GC:  5 1 0 86082432 256
// Threading:  0 0 256
// Exceptions:  1

// AfterAll
// Benchmark Process 8516 has exited with code 0.

Mean = 2.230 ms, StdErr = 0.001 ms (0.07%), N = 3, StdDev = 0.003 ms
Min = 2.227 ms, Q1 = 2.229 ms, Median = 2.230 ms, Q3 = 2.231 ms, Max = 2.232 ms
IQR = 0.003 ms, LowerFence = 2.225 ms, UpperFence = 2.235 ms
ConfidenceInterval = [2.183 ms; 2.276 ms] (CI 99.9%), Margin = 0.047 ms (2.09% of Mean)
Skewness = -0.05, Kurtosis = 0.67, MValue = 2

// ** Remained 1 (5.0 %) benchmark(s) to run. Estimated finish 2026-06-30 17:42 (0h 0m from now) **
// **************************
// Benchmark: ManagedQueryBenchmarks.ManagedQueryThreeFields: Source(Runtime=.NET 8.0, IterationCount=3, LaunchCount=1, WarmupCount=3)
// *** Execute ***
// Launch: 1 / 1
// Execute: dotnet 86cfccee-87e9-4020-a98a-c599fba73397.dll --anonymousPipes 115 116 --benchmarkName Examine.Benchmarks.ManagedQueryBenchmarks.ManagedQueryThreeFields --job Source --benchmarkId 3 in /home/runner/work/Examine/Examine/src/Examine.Benchmarks/bin/Release/net8.0/86cfccee-87e9-4020-a98a-c599fba73397/bin/Release/net8.0
// Failed to set up high priority (Permission denied). In order to run benchmarks with high priority, make sure you have the right permissions.
// BeforeAnythingElse

// Benchmark Process Environment Information:
// BenchmarkDotNet v0.14.0
// Runtime=.NET 8.0.28 (8.0.2826.26413), X64 RyuJIT AVX2
// GC=Concurrent Workstation
// HardwareIntrinsics=AVX2,AES,BMI1,BMI2,FMA,LZCNT,PCLMUL,POPCNT VectorSize=256
// Job: Source(IterationCount=3, LaunchCount=1, WarmupCount=3)

info: Examine.Benchmarks.ManagedQueryBenchmarks[0]
      ManagedQuery benchmark index ready with 1000 docs
OverheadJitting  1: 1 op, 280644.00 ns, 280.6440 us/op
WorkloadJitting  1: 1 op, 54717811.00 ns, 54.7178 ms/op

WorkloadPilot    1: 2 op, 33993675.00 ns, 16.9968 ms/op
WorkloadPilot    2: 3 op, 39097643.00 ns, 13.0325 ms/op
WorkloadPilot    3: 4 op, 52296992.00 ns, 13.0742 ms/op
WorkloadPilot    4: 5 op, 64436493.00 ns, 12.8873 ms/op
WorkloadPilot    5: 6 op, 117256812.00 ns, 19.5428 ms/op
WorkloadPilot    6: 7 op, 136740992.00 ns, 19.5344 ms/op
WorkloadPilot    7: 8 op, 76140821.00 ns, 9.5176 ms/op
WorkloadPilot    8: 9 op, 44557113.00 ns, 4.9508 ms/op
WorkloadPilot    9: 10 op, 41212330.00 ns, 4.1212 ms/op
WorkloadPilot   10: 11 op, 27000170.00 ns, 2.4546 ms/op
WorkloadPilot   11: 12 op, 28899305.00 ns, 2.4083 ms/op
WorkloadPilot   12: 13 op, 31044210.00 ns, 2.3880 ms/op
WorkloadPilot   13: 14 op, 52615896.00 ns, 3.7583 ms/op
WorkloadPilot   14: 15 op, 59325781.00 ns, 3.9551 ms/op
WorkloadPilot   15: 16 op, 62873324.00 ns, 3.9296 ms/op
WorkloadPilot   16: 32 op, 108846109.00 ns, 3.4014 ms/op
WorkloadPilot   17: 64 op, 176502261.00 ns, 2.7578 ms/op
WorkloadPilot   18: 128 op, 289996357.00 ns, 2.2656 ms/op
WorkloadPilot   19: 256 op, 581490148.00 ns, 2.2714 ms/op

WorkloadWarmup   1: 256 op, 591430202.00 ns, 2.3103 ms/op
WorkloadWarmup   2: 256 op, 580259622.00 ns, 2.2666 ms/op
WorkloadWarmup   3: 256 op, 571664827.00 ns, 2.2331 ms/op

// BeforeActualRun
WorkloadActual   1: 256 op, 583761697.00 ns, 2.2803 ms/op
WorkloadActual   2: 256 op, 582183723.00 ns, 2.2742 ms/op
WorkloadActual   3: 256 op, 588289630.00 ns, 2.2980 ms/op

// AfterActualRun
WorkloadResult   1: 256 op, 583761697.00 ns, 2.2803 ms/op
WorkloadResult   2: 256 op, 582183723.00 ns, 2.2742 ms/op
WorkloadResult   3: 256 op, 588289630.00 ns, 2.2980 ms/op
// GC:  5 2 0 92005144 256
// Threading:  0 0 256
// Exceptions:  1

// AfterAll
// Benchmark Process 8541 has exited with code 0.

Mean = 2.284 ms, StdErr = 0.007 ms (0.31%), N = 3, StdDev = 0.012 ms
Min = 2.274 ms, Q1 = 2.277 ms, Median = 2.280 ms, Q3 = 2.289 ms, Max = 2.298 ms
IQR = 0.012 ms, LowerFence = 2.259 ms, UpperFence = 2.307 ms
ConfidenceInterval = [2.058 ms; 2.510 ms] (CI 99.9%), Margin = 0.226 ms (9.89% of Mean)
Skewness = 0.28, Kurtosis = 0.67, MValue = 2

// ** Remained 0 (0.0 %) benchmark(s) to run. Estimated finish 2026-06-30 17:42 (0h 0m from now) **
// ***** BenchmarkRunner: Finish  *****

// * Export *
  BenchmarkDotNet.Artifacts/results/Examine.Benchmarks.ManagedQueryBenchmarks-report.csv
  BenchmarkDotNet.Artifacts/results/Examine.Benchmarks.ManagedQueryBenchmarks-report-github.md
  BenchmarkDotNet.Artifacts/results/Examine.Benchmarks.ManagedQueryBenchmarks-report.html

// * Detailed results *
ManagedQueryBenchmarks.ManagedQueryAllFields: 3.0.1(Runtime=.NET 8.0, Arguments=/p:LocalBuild=false, NuGetReferences=Examine 3.0.1, IterationCount=3, LaunchCount=1, WarmupCount=3)
Runtime = ; GC = 
There are not any results runs

ManagedQueryBenchmarks.ManagedQuerySingleField: 3.0.1(Runtime=.NET 8.0, Arguments=/p:LocalBuild=false, NuGetReferences=Examine 3.0.1, IterationCount=3, LaunchCount=1, WarmupCount=3)
Runtime = ; GC = 
There are not any results runs

ManagedQueryBenchmarks.ManagedQueryTwoFields: 3.0.1(Runtime=.NET 8.0, Arguments=/p:LocalBuild=false, NuGetReferences=Examine 3.0.1, IterationCount=3, LaunchCount=1, WarmupCount=3)
Runtime = ; GC = 
There are not any results runs

ManagedQueryBenchmarks.ManagedQueryThreeFields: 3.0.1(Runtime=.NET 8.0, Arguments=/p:LocalBuild=false, NuGetReferences=Examine 3.0.1, IterationCount=3, LaunchCount=1, WarmupCount=3)
Runtime = ; GC = 
There are not any results runs

ManagedQueryBenchmarks.ManagedQueryAllFields: 3.1.0(Runtime=.NET 8.0, Arguments=/p:LocalBuild=false, NuGetReferences=Examine 3.1.0, IterationCount=3, LaunchCount=1, WarmupCount=3)
Runtime = ; GC = 
There are not any results runs

ManagedQueryBenchmarks.ManagedQuerySingleField: 3.1.0(Runtime=.NET 8.0, Arguments=/p:LocalBuild=false, NuGetReferences=Examine 3.1.0, IterationCount=3, LaunchCount=1, WarmupCount=3)
Runtime = ; GC = 
There are not any results runs

ManagedQueryBenchmarks.ManagedQueryTwoFields: 3.1.0(Runtime=.NET 8.0, Arguments=/p:LocalBuild=false, NuGetReferences=Examine 3.1.0, IterationCount=3, LaunchCount=1, WarmupCount=3)
Runtime = ; GC = 
There are not any results runs

ManagedQueryBenchmarks.ManagedQueryThreeFields: 3.1.0(Runtime=.NET 8.0, Arguments=/p:LocalBuild=false, NuGetReferences=Examine 3.1.0, IterationCount=3, LaunchCount=1, WarmupCount=3)
Runtime = ; GC = 
There are not any results runs

ManagedQueryBenchmarks.ManagedQueryAllFields: 3.2.1(Runtime=.NET 8.0, Arguments=/p:LocalBuild=false, NuGetReferences=Examine 3.2.1, IterationCount=3, LaunchCount=1, WarmupCount=3)
Runtime = ; GC = 
There are not any results runs

ManagedQueryBenchmarks.ManagedQuerySingleField: 3.2.1(Runtime=.NET 8.0, Arguments=/p:LocalBuild=false, NuGetReferences=Examine 3.2.1, IterationCount=3, LaunchCount=1, WarmupCount=3)
Runtime = ; GC = 
There are not any results runs

ManagedQueryBenchmarks.ManagedQueryTwoFields: 3.2.1(Runtime=.NET 8.0, Arguments=/p:LocalBuild=false, NuGetReferences=Examine 3.2.1, IterationCount=3, LaunchCount=1, WarmupCount=3)
Runtime = ; GC = 
There are not any results runs

ManagedQueryBenchmarks.ManagedQueryThreeFields: 3.2.1(Runtime=.NET 8.0, Arguments=/p:LocalBuild=false, NuGetReferences=Examine 3.2.1, IterationCount=3, LaunchCount=1, WarmupCount=3)
Runtime = ; GC = 
There are not any results runs

ManagedQueryBenchmarks.ManagedQueryAllFields: 3.3.0(Runtime=.NET 8.0, Arguments=/p:LocalBuild=false, NuGetReferences=Examine 3.3.0, IterationCount=3, LaunchCount=1, WarmupCount=3)
Runtime = ; GC = 
There are not any results runs

ManagedQueryBenchmarks.ManagedQuerySingleField: 3.3.0(Runtime=.NET 8.0, Arguments=/p:LocalBuild=false, NuGetReferences=Examine 3.3.0, IterationCount=3, LaunchCount=1, WarmupCount=3)
Runtime = ; GC = 
There are not any results runs

ManagedQueryBenchmarks.ManagedQueryTwoFields: 3.3.0(Runtime=.NET 8.0, Arguments=/p:LocalBuild=false, NuGetReferences=Examine 3.3.0, IterationCount=3, LaunchCount=1, WarmupCount=3)
Runtime = ; GC = 
There are not any results runs

ManagedQueryBenchmarks.ManagedQueryThreeFields: 3.3.0(Runtime=.NET 8.0, Arguments=/p:LocalBuild=false, NuGetReferences=Examine 3.3.0, IterationCount=3, LaunchCount=1, WarmupCount=3)
Runtime = ; GC = 
There are not any results runs

ManagedQueryBenchmarks.ManagedQueryAllFields: Source(Runtime=.NET 8.0, IterationCount=3, LaunchCount=1, WarmupCount=3)
Runtime = .NET 8.0.28 (8.0.2826.26413), X64 RyuJIT AVX2; GC = Concurrent Workstation
Mean = 2.562 ms, StdErr = 0.041 ms (1.62%), N = 3, StdDev = 0.072 ms
Min = 2.510 ms, Q1 = 2.521 ms, Median = 2.532 ms, Q3 = 2.588 ms, Max = 2.644 ms
IQR = 0.067 ms, LowerFence = 2.420 ms, UpperFence = 2.689 ms
ConfidenceInterval = [1.252 ms; 3.872 ms] (CI 99.9%), Margin = 1.310 ms (51.14% of Mean)
Skewness = 0.34, Kurtosis = 0.67, MValue = 2
-------------------- Histogram --------------------
[2.445 ms ; 2.586 ms) | @@
[2.586 ms ; 2.709 ms) | @
---------------------------------------------------

ManagedQueryBenchmarks.ManagedQuerySingleField: Source(Runtime=.NET 8.0, IterationCount=3, LaunchCount=1, WarmupCount=3)
Runtime = .NET 8.0.28 (8.0.2826.26413), X64 RyuJIT AVX2; GC = Concurrent Workstation
Mean = 2.269 ms, StdErr = 0.013 ms (0.58%), N = 3, StdDev = 0.023 ms
Min = 2.247 ms, Q1 = 2.258 ms, Median = 2.268 ms, Q3 = 2.280 ms, Max = 2.293 ms
IQR = 0.023 ms, LowerFence = 2.224 ms, UpperFence = 2.314 ms
ConfidenceInterval = [1.855 ms; 2.684 ms] (CI 99.9%), Margin = 0.415 ms (18.27% of Mean)
Skewness = 0.07, Kurtosis = 0.67, MValue = 2
-------------------- Histogram --------------------
[2.235 ms ; 2.314 ms) | @@@
---------------------------------------------------

ManagedQueryBenchmarks.ManagedQueryTwoFields: Source(Runtime=.NET 8.0, IterationCount=3, LaunchCount=1, WarmupCount=3)
Runtime = .NET 8.0.28 (8.0.2826.26413), X64 RyuJIT AVX2; GC = Concurrent Workstation
Mean = 2.230 ms, StdErr = 0.001 ms (0.07%), N = 3, StdDev = 0.003 ms
Min = 2.227 ms, Q1 = 2.229 ms, Median = 2.230 ms, Q3 = 2.231 ms, Max = 2.232 ms
IQR = 0.003 ms, LowerFence = 2.225 ms, UpperFence = 2.235 ms
ConfidenceInterval = [2.183 ms; 2.276 ms] (CI 99.9%), Margin = 0.047 ms (2.09% of Mean)
Skewness = -0.05, Kurtosis = 0.67, MValue = 2
-------------------- Histogram --------------------
[2.225 ms ; 2.235 ms) | @@@
---------------------------------------------------

ManagedQueryBenchmarks.ManagedQueryThreeFields: Source(Runtime=.NET 8.0, IterationCount=3, LaunchCount=1, WarmupCount=3)
Runtime = .NET 8.0.28 (8.0.2826.26413), X64 RyuJIT AVX2; GC = Concurrent Workstation
Mean = 2.284 ms, StdErr = 0.007 ms (0.31%), N = 3, StdDev = 0.012 ms
Min = 2.274 ms, Q1 = 2.277 ms, Median = 2.280 ms, Q3 = 2.289 ms, Max = 2.298 ms
IQR = 0.012 ms, LowerFence = 2.259 ms, UpperFence = 2.307 ms
ConfidenceInterval = [2.058 ms; 2.510 ms] (CI 99.9%), Margin = 0.226 ms (9.89% of Mean)
Skewness = 0.28, Kurtosis = 0.67, MValue = 2
-------------------- Histogram --------------------
[2.263 ms ; 2.300 ms) | @@@
---------------------------------------------------

// * Summary *

BenchmarkDotNet v0.14.0, Ubuntu 24.04.4 LTS (Noble Numbat)
AMD EPYC 7763, 1 CPU, 4 logical and 2 physical cores
.NET SDK 10.0.301
  [Host] : .NET 8.0.28 (8.0.2826.26413), X64 RyuJIT AVX2
  Source : .NET 8.0.28 (8.0.2826.26413), X64 RyuJIT AVX2

Runtime=.NET 8.0  IterationCount=3  LaunchCount=1  
WarmupCount=3  

| Method                  | Job    | Mean     | Ratio | RatioSD | Gen0    | Gen1   | Allocated | Alloc Ratio |
|------------------------ |------- |---------:|------:|--------:|--------:|-------:|----------:|------------:|
| ManagedQueryAllFields   | 3.0.1  |       NA |     ? |       ? |      NA |     NA |        NA |           ? |
| ManagedQuerySingleField | 3.0.1  |       NA |     ? |       ? |      NA |     NA |        NA |           ? |
| ManagedQueryTwoFields   | 3.0.1  |       NA |     ? |       ? |      NA |     NA |        NA |           ? |
| ManagedQueryThreeFields | 3.0.1  |       NA |     ? |       ? |      NA |     NA |        NA |           ? |
|                         |        |          |       |         |         |        |           |             |
| ManagedQueryAllFields   | 3.1.0  |       NA |     ? |       ? |      NA |     NA |        NA |           ? |
| ManagedQuerySingleField | 3.1.0  |       NA |     ? |       ? |      NA |     NA |        NA |           ? |
| ManagedQueryTwoFields   | 3.1.0  |       NA |     ? |       ? |      NA |     NA |        NA |           ? |
| ManagedQueryThreeFields | 3.1.0  |       NA |     ? |       ? |      NA |     NA |        NA |           ? |
|                         |        |          |       |         |         |        |           |             |
| ManagedQueryAllFields   | 3.2.1  |       NA |     ? |       ? |      NA |     NA |        NA |           ? |
| ManagedQuerySingleField | 3.2.1  |       NA |     ? |       ? |      NA |     NA |        NA |           ? |
| ManagedQueryTwoFields   | 3.2.1  |       NA |     ? |       ? |      NA |     NA |        NA |           ? |
| ManagedQueryThreeFields | 3.2.1  |       NA |     ? |       ? |      NA |     NA |        NA |           ? |
|                         |        |          |       |         |         |        |           |             |
| ManagedQueryAllFields   | 3.3.0  |       NA |     ? |       ? |      NA |     NA |        NA |           ? |
| ManagedQuerySingleField | 3.3.0  |       NA |     ? |       ? |      NA |     NA |        NA |           ? |
| ManagedQueryTwoFields   | 3.3.0  |       NA |     ? |       ? |      NA |     NA |        NA |           ? |
| ManagedQueryThreeFields | 3.3.0  |       NA |     ? |       ? |      NA |     NA |        NA |           ? |
|                         |        |          |       |         |         |        |           |             |
| ManagedQueryAllFields   | Source | 2.562 ms |  1.00 |    0.03 | 19.5313 | 7.8125 | 371.85 KB |        1.00 |
| ManagedQuerySingleField | Source | 2.269 ms |  0.89 |    0.02 | 15.6250 | 3.9063 | 306.49 KB |        0.82 |
| ManagedQueryTwoFields   | Source | 2.230 ms |  0.87 |    0.02 | 19.5313 | 3.9063 | 328.38 KB |        0.88 |
| ManagedQueryThreeFields | Source | 2.284 ms |  0.89 |    0.02 | 19.5313 | 7.8125 | 350.97 KB |        0.94 |

Benchmarks with issues:
  ManagedQueryBenchmarks.ManagedQueryAllFields: 3.0.1(Runtime=.NET 8.0, Arguments=/p:LocalBuild=false, NuGetReferences=Examine 3.0.1, IterationCount=3, LaunchCount=1, WarmupCount=3)
  ManagedQueryBenchmarks.ManagedQuerySingleField: 3.0.1(Runtime=.NET 8.0, Arguments=/p:LocalBuild=false, NuGetReferences=Examine 3.0.1, IterationCount=3, LaunchCount=1, WarmupCount=3)
  ManagedQueryBenchmarks.ManagedQueryTwoFields: 3.0.1(Runtime=.NET 8.0, Arguments=/p:LocalBuild=false, NuGetReferences=Examine 3.0.1, IterationCount=3, LaunchCount=1, WarmupCount=3)
  ManagedQueryBenchmarks.ManagedQueryThreeFields: 3.0.1(Runtime=.NET 8.0, Arguments=/p:LocalBuild=false, NuGetReferences=Examine 3.0.1, IterationCount=3, LaunchCount=1, WarmupCount=3)
  ManagedQueryBenchmarks.ManagedQueryAllFields: 3.1.0(Runtime=.NET 8.0, Arguments=/p:LocalBuild=false, NuGetReferences=Examine 3.1.0, IterationCount=3, LaunchCount=1, WarmupCount=3)
  ManagedQueryBenchmarks.ManagedQuerySingleField: 3.1.0(Runtime=.NET 8.0, Arguments=/p:LocalBuild=false, NuGetReferences=Examine 3.1.0, IterationCount=3, LaunchCount=1, WarmupCount=3)
  ManagedQueryBenchmarks.ManagedQueryTwoFields: 3.1.0(Runtime=.NET 8.0, Arguments=/p:LocalBuild=false, NuGetReferences=Examine 3.1.0, IterationCount=3, LaunchCount=1, WarmupCount=3)
  ManagedQueryBenchmarks.ManagedQueryThreeFields: 3.1.0(Runtime=.NET 8.0, Arguments=/p:LocalBuild=false, NuGetReferences=Examine 3.1.0, IterationCount=3, LaunchCount=1, WarmupCount=3)
  ManagedQueryBenchmarks.ManagedQueryAllFields: 3.2.1(Runtime=.NET 8.0, Arguments=/p:LocalBuild=false, NuGetReferences=Examine 3.2.1, IterationCount=3, LaunchCount=1, WarmupCount=3)
  ManagedQueryBenchmarks.ManagedQuerySingleField: 3.2.1(Runtime=.NET 8.0, Arguments=/p:LocalBuild=false, NuGetReferences=Examine 3.2.1, IterationCount=3, LaunchCount=1, WarmupCount=3)
  ManagedQueryBenchmarks.ManagedQueryTwoFields: 3.2.1(Runtime=.NET 8.0, Arguments=/p:LocalBuild=false, NuGetReferences=Examine 3.2.1, IterationCount=3, LaunchCount=1, WarmupCount=3)
  ManagedQueryBenchmarks.ManagedQueryThreeFields: 3.2.1(Runtime=.NET 8.0, Arguments=/p:LocalBuild=false, NuGetReferences=Examine 3.2.1, IterationCount=3, LaunchCount=1, WarmupCount=3)
  ManagedQueryBenchmarks.ManagedQueryAllFields: 3.3.0(Runtime=.NET 8.0, Arguments=/p:LocalBuild=false, NuGetReferences=Examine 3.3.0, IterationCount=3, LaunchCount=1, WarmupCount=3)
  ManagedQueryBenchmarks.ManagedQuerySingleField: 3.3.0(Runtime=.NET 8.0, Arguments=/p:LocalBuild=false, NuGetReferences=Examine 3.3.0, IterationCount=3, LaunchCount=1, WarmupCount=3)
  ManagedQueryBenchmarks.ManagedQueryTwoFields: 3.3.0(Runtime=.NET 8.0, Arguments=/p:LocalBuild=false, NuGetReferences=Examine 3.3.0, IterationCount=3, LaunchCount=1, WarmupCount=3)
  ManagedQueryBenchmarks.ManagedQueryThreeFields: 3.3.0(Runtime=.NET 8.0, Arguments=/p:LocalBuild=false, NuGetReferences=Examine 3.3.0, IterationCount=3, LaunchCount=1, WarmupCount=3)

// * Warnings *
BaselineCustomAnalyzer
  Summary -> A question mark '?' symbol indicates that it was not possible to compute the (Ratio, RatioSD, Alloc Ratio) column(s) because the baseline value is too close to zero.

// * Hints *
HideColumnsAnalyser
  Summary -> Hidden columns: Arguments, NuGetReferences, Error, StdDev

// * Legends *
  Mean        : Arithmetic mean of all measurements
  Ratio       : Mean of the ratio distribution ([Current]/[Baseline])
  RatioSD     : Standard deviation of the ratio distribution ([Current]/[Baseline])
  Gen0        : GC Generation 0 collects per 1000 operations
  Gen1        : GC Generation 1 collects per 1000 operations
  Allocated   : Allocated memory per single operation (managed only, inclusive, 1KB = 1024B)
  Alloc Ratio : Allocated memory ratio distribution ([Current]/[Baseline])
  1 ms        : 1 Millisecond (0.001 sec)

// * Diagnostic Output - MemoryDiagnoser *


// ***** BenchmarkRunner: End *****
Run time: 00:00:33 (33.65 sec), executed benchmarks: 4

Global total time: 00:02:02 (122.77 sec), executed benchmarks: 4
// * Artifacts cleanup *
Artifacts cleanup is finished
